[2023-08-14T02:03:53.995+0200][gc] Using G1
[2023-08-14T02:03:53.997+0200][gc,init] Version: 17.0.6+9-LTS-190 (release)
[2023-08-14T02:03:53.997+0200][gc,init] CPUs: 8 total, 8 available
[2023-08-14T02:03:53.997+0200][gc,init] Memory: 8192M
[2023-08-14T02:03:53.997+0200][gc,init] Large Page Support: Disabled
[2023-08-14T02:03:53.997+0200][gc,init] NUMA Support: Disabled
[2023-08-14T02:03:53.997+0200][gc,init] Compressed Oops: Enabled (Zero based)
[2023-08-14T02:03:53.997+0200][gc,init] Heap Region Size: 1M
[2023-08-14T02:03:53.997+0200][gc,init] Heap Min Capacity: 1G
[2023-08-14T02:03:53.997+0200][gc,init] Heap Initial Capacity: 1G
[2023-08-14T02:03:53.997+0200][gc,init] Heap Max Capacity: 1G
[2023-08-14T02:03:53.997+0200][gc,init] Pre-touch: Disabled
[2023-08-14T02:03:53.997+0200][gc,init] Parallel Workers: 8
[2023-08-14T02:03:53.997+0200][gc,init] Concurrent Workers: 2
[2023-08-14T02:03:53.997+0200][gc,init] Concurrent Refinement Workers: 8
[2023-08-14T02:03:53.997+0200][gc,init] Periodic GC: Disabled
[2023-08-14T02:03:53.997+0200][gc,metaspace] CDS archive(s) mapped at: [0x0000000800000000-0x0000000800bd8000-0x0000000800bd8000), size 12419072, SharedBaseAddress: 0x0000000800000000, ArchiveRelocationMode: 0.
[2023-08-14T02:03:53.997+0200][gc,metaspace] Compressed class space mapped at: 0x0000000800c00000-0x0000000840c00000, reserved size: 1073741824
[2023-08-14T02:03:53.997+0200][gc,metaspace] Narrow klass base: 0x0000000800000000, Narrow klass shift: 0, Narrow klass range: 0x100000000
[2023-08-14T02:03:55.296+0200][gc,start    ] GC(0) Pause Young (Normal) (G1 Evacuation Pause)
[2023-08-14T02:03:55.296+0200][gc,task     ] GC(0) Using 8 workers of 8 for evacuation
[2023-08-14T02:03:55.299+0200][gc,phases   ] GC(0)   Pre Evacuate Collection Set: 0.1ms
[2023-08-14T02:03:55.299+0200][gc,phases   ] GC(0)   Merge Heap Roots: 0.0ms
[2023-08-14T02:03:55.299+0200][gc,phases   ] GC(0)   Evacuate Collection Set: 2.3ms
[2023-08-14T02:03:55.299+0200][gc,phases   ] GC(0)   Post Evacuate Collection Set: 0.2ms
[2023-08-14T02:03:55.299+0200][gc,phases   ] GC(0)   Other: 0.3ms
[2023-08-14T02:03:55.299+0200][gc,heap     ] GC(0) Eden regions: 51->0(44)
[2023-08-14T02:03:55.299+0200][gc,heap     ] GC(0) Survivor regions: 0->7(7)
[2023-08-14T02:03:55.299+0200][gc,heap     ] GC(0) Old regions: 0->1
[2023-08-14T02:03:55.299+0200][gc,heap     ] GC(0) Archive regions: 2->2
[2023-08-14T02:03:55.299+0200][gc,heap     ] GC(0) Humongous regions: 0->0
[2023-08-14T02:03:55.299+0200][gc,metaspace] GC(0) Metaspace: 18278K(18432K)->18278K(18432K) NonClass: 16097K(16192K)->16097K(16192K) Class: 2181K(2240K)->2181K(2240K)
[2023-08-14T02:03:55.299+0200][gc          ] GC(0) Pause Young (Normal) (G1 Evacuation Pause) 51M->8M(1024M) 3.029ms
[2023-08-14T02:03:55.299+0200][gc,cpu      ] GC(0) User=0.01s Sys=0.01s Real=0.00s
[2023-08-14T02:03:55.496+0200][gc,start    ] GC(1) Pause Young (Concurrent Start) (Metadata GC Threshold)
[2023-08-14T02:03:55.496+0200][gc,task     ] GC(1) Using 8 workers of 8 for evacuation
[2023-08-14T02:03:55.499+0200][gc,phases   ] GC(1)   Pre Evacuate Collection Set: 0.1ms
[2023-08-14T02:03:55.500+0200][gc,phases   ] GC(1)   Merge Heap Roots: 0.0ms
[2023-08-14T02:03:55.500+0200][gc,phases   ] GC(1)   Evacuate Collection Set: 2.8ms
[2023-08-14T02:03:55.500+0200][gc,phases   ] GC(1)   Post Evacuate Collection Set: 0.2ms
[2023-08-14T02:03:55.500+0200][gc,phases   ] GC(1)   Other: 0.1ms
[2023-08-14T02:03:55.500+0200][gc,heap     ] GC(1) Eden regions: 13->0(49)
[2023-08-14T02:03:55.500+0200][gc,heap     ] GC(1) Survivor regions: 7->2(7)
[2023-08-14T02:03:55.500+0200][gc,heap     ] GC(1) Old regions: 1->8
[2023-08-14T02:03:55.500+0200][gc,heap     ] GC(1) Archive regions: 2->2
[2023-08-14T02:03:55.500+0200][gc,heap     ] GC(1) Humongous regions: 129->129
[2023-08-14T02:03:55.500+0200][gc,metaspace] GC(1) Metaspace: 21299K(21504K)->21299K(21504K) NonClass: 18718K(18816K)->18718K(18816K) Class: 2580K(2688K)->2580K(2688K)
[2023-08-14T02:03:55.500+0200][gc          ] GC(1) Pause Young (Concurrent Start) (Metadata GC Threshold) 149M->138M(1024M) 3.231ms
[2023-08-14T02:03:55.500+0200][gc,cpu      ] GC(1) User=0.01s Sys=0.00s Real=0.01s
[2023-08-14T02:03:55.500+0200][gc          ] GC(2) Concurrent Mark Cycle
[2023-08-14T02:03:55.500+0200][gc,marking  ] GC(2) Concurrent Clear Claimed Marks
[2023-08-14T02:03:55.500+0200][gc,marking  ] GC(2) Concurrent Clear Claimed Marks 0.012ms
[2023-08-14T02:03:55.500+0200][gc,marking  ] GC(2) Concurrent Scan Root Regions
[2023-08-14T02:03:55.501+0200][gc,marking  ] GC(2) Concurrent Scan Root Regions 1.267ms
[2023-08-14T02:03:55.501+0200][gc,marking  ] GC(2) Concurrent Mark
[2023-08-14T02:03:55.501+0200][gc,marking  ] GC(2) Concurrent Mark From Roots
[2023-08-14T02:03:55.501+0200][gc,task     ] GC(2) Using 2 workers of 2 for marking
[2023-08-14T02:03:55.502+0200][gc,marking  ] GC(2) Concurrent Mark From Roots 1.241ms
[2023-08-14T02:03:55.502+0200][gc,marking  ] GC(2) Concurrent Preclean
[2023-08-14T02:03:55.502+0200][gc,marking  ] GC(2) Concurrent Preclean 0.014ms
[2023-08-14T02:03:55.502+0200][gc,start    ] GC(2) Pause Remark
[2023-08-14T02:03:55.503+0200][gc          ] GC(2) Pause Remark 139M->139M(1024M) 0.868ms
[2023-08-14T02:03:55.503+0200][gc,cpu      ] GC(2) User=0.00s Sys=0.01s Real=0.00s
[2023-08-14T02:03:55.503+0200][gc,marking  ] GC(2) Concurrent Mark 2.250ms
[2023-08-14T02:03:55.503+0200][gc,marking  ] GC(2) Concurrent Rebuild Remembered Sets
[2023-08-14T02:03:55.505+0200][gc,marking  ] GC(2) Concurrent Rebuild Remembered Sets 1.309ms
[2023-08-14T02:03:55.505+0200][gc,start    ] GC(2) Pause Cleanup
[2023-08-14T02:03:55.505+0200][gc          ] GC(2) Pause Cleanup 139M->139M(1024M) 0.058ms
[2023-08-14T02:03:55.505+0200][gc,cpu      ] GC(2) User=0.00s Sys=0.00s Real=0.00s
[2023-08-14T02:03:55.505+0200][gc,marking  ] GC(2) Concurrent Cleanup for Next Mark
[2023-08-14T02:03:55.506+0200][gc,marking  ] GC(2) Concurrent Cleanup for Next Mark 1.295ms
[2023-08-14T02:03:55.506+0200][gc          ] GC(2) Concurrent Mark Cycle 6.333ms
[2023-08-14T02:03:55.867+0200][gc,start    ] GC(3) Pause Young (Normal) (G1 Evacuation Pause)
[2023-08-14T02:03:55.867+0200][gc,task     ] GC(3) Using 8 workers of 8 for evacuation
[2023-08-14T02:03:55.870+0200][gc,phases   ] GC(3)   Pre Evacuate Collection Set: 0.1ms
[2023-08-14T02:03:55.870+0200][gc,phases   ] GC(3)   Merge Heap Roots: 0.0ms
[2023-08-14T02:03:55.870+0200][gc,phases   ] GC(3)   Evacuate Collection Set: 1.9ms
[2023-08-14T02:03:55.870+0200][gc,phases   ] GC(3)   Post Evacuate Collection Set: 0.2ms
[2023-08-14T02:03:55.870+0200][gc,phases   ] GC(3)   Other: 0.1ms
[2023-08-14T02:03:55.870+0200][gc,heap     ] GC(3) Eden regions: 49->0(45)
[2023-08-14T02:03:55.870+0200][gc,heap     ] GC(3) Survivor regions: 2->6(7)
[2023-08-14T02:03:55.870+0200][gc,heap     ] GC(3) Old regions: 8->8
[2023-08-14T02:03:55.870+0200][gc,heap     ] GC(3) Archive regions: 2->2
[2023-08-14T02:03:55.870+0200][gc,heap     ] GC(3) Humongous regions: 129->129
[2023-08-14T02:03:55.870+0200][gc,metaspace] GC(3) Metaspace: 32567K(32832K)->32567K(32832K) NonClass: 28880K(29056K)->28880K(29056K) Class: 3687K(3776K)->3687K(3776K)
[2023-08-14T02:03:55.870+0200][gc          ] GC(3) Pause Young (Normal) (G1 Evacuation Pause) 187M->142M(1024M) 2.418ms
[2023-08-14T02:03:55.870+0200][gc,cpu      ] GC(3) User=0.02s Sys=0.00s Real=0.01s
[2023-08-14T02:30:02.652+0200][gc,start    ] GC(4) Pause Young (Concurrent Start) (Metadata GC Threshold)
[2023-08-14T02:30:02.653+0200][gc,task     ] GC(4) Using 8 workers of 8 for evacuation
[2023-08-14T02:30:02.664+0200][gc,phases   ] GC(4)   Pre Evacuate Collection Set: 1.0ms
[2023-08-14T02:30:02.670+0200][gc,phases   ] GC(4)   Merge Heap Roots: 0.2ms
[2023-08-14T02:30:02.670+0200][gc,phases   ] GC(4)   Evacuate Collection Set: 7.8ms
[2023-08-14T02:30:02.670+0200][gc,phases   ] GC(4)   Post Evacuate Collection Set: 1.5ms
[2023-08-14T02:30:02.670+0200][gc,phases   ] GC(4)   Other: 1.0ms
[2023-08-14T02:30:02.670+0200][gc,heap     ] GC(4) Eden regions: 25->0(49)
[2023-08-14T02:30:02.670+0200][gc,heap     ] GC(4) Survivor regions: 6->2(7)
[2023-08-14T02:30:02.670+0200][gc,heap     ] GC(4) Old regions: 8->13
[2023-08-14T02:30:02.671+0200][gc,heap     ] GC(4) Archive regions: 2->2
[2023-08-14T02:30:02.671+0200][gc,heap     ] GC(4) Humongous regions: 129->129
[2023-08-14T02:30:02.671+0200][gc,metaspace] GC(4) Metaspace: 35709K(36096K)->35709K(36096K) NonClass: 31524K(31744K)->31524K(31744K) Class: 4185K(4352K)->4185K(4352K)
[2023-08-14T02:30:02.671+0200][gc          ] GC(4) Pause Young (Concurrent Start) (Metadata GC Threshold) 167M->144M(1024M) 18.395ms
[2023-08-14T02:30:02.671+0200][gc,cpu      ] GC(4) User=0.03s Sys=0.01s Real=0.02s
[2023-08-14T02:30:02.671+0200][gc          ] GC(5) Concurrent Mark Cycle
[2023-08-14T02:30:02.671+0200][gc,marking  ] GC(5) Concurrent Clear Claimed Marks
[2023-08-14T02:30:02.671+0200][gc,marking  ] GC(5) Concurrent Clear Claimed Marks 0.084ms
[2023-08-14T02:30:02.671+0200][gc,marking  ] GC(5) Concurrent Scan Root Regions
[2023-08-14T02:30:02.675+0200][gc,marking  ] GC(5) Concurrent Scan Root Regions 3.832ms
[2023-08-14T02:30:02.675+0200][gc,marking  ] GC(5) Concurrent Mark
[2023-08-14T02:30:02.675+0200][gc,marking  ] GC(5) Concurrent Mark From Roots
[2023-08-14T02:30:02.675+0200][gc,task     ] GC(5) Using 2 workers of 2 for marking
[2023-08-14T02:30:02.683+0200][gc,marking  ] GC(5) Concurrent Mark From Roots 7.955ms
[2023-08-14T02:30:02.684+0200][gc,marking  ] GC(5) Concurrent Preclean
[2023-08-14T02:30:02.685+0200][gc,marking  ] GC(5) Concurrent Preclean 0.384ms
[2023-08-14T02:30:02.685+0200][gc,start    ] GC(5) Pause Remark
[2023-08-14T02:30:02.706+0200][gc,mmu      ] GC(5) MMU target violated: 20.7ms (20.0ms/21.0ms)
[2023-08-14T02:30:02.706+0200][gc          ] GC(5) Pause Remark 144M->144M(1024M) 20.753ms
[2023-08-14T02:30:02.706+0200][gc,cpu      ] GC(5) User=0.01s Sys=0.01s Real=0.02s
[2023-08-14T02:30:02.706+0200][gc,marking  ] GC(5) Concurrent Mark 31.195ms
[2023-08-14T02:30:02.706+0200][gc,marking  ] GC(5) Concurrent Rebuild Remembered Sets
[2023-08-14T02:30:02.710+0200][gc,marking  ] GC(5) Concurrent Rebuild Remembered Sets 4.224ms
[2023-08-14T02:30:02.727+0200][gc,start    ] GC(5) Pause Cleanup
[2023-08-14T02:30:02.727+0200][gc          ] GC(5) Pause Cleanup 146M->146M(1024M) 0.114ms
[2023-08-14T02:30:02.743+0200][gc,cpu      ] GC(5) User=0.00s Sys=0.00s Real=0.02s
[2023-08-14T02:30:02.743+0200][gc,marking  ] GC(5) Concurrent Cleanup for Next Mark
[2023-08-14T02:30:02.746+0200][gc,marking  ] GC(5) Concurrent Cleanup for Next Mark 2.449ms
[2023-08-14T02:30:02.754+0200][gc          ] GC(5) Concurrent Mark Cycle 83.681ms
[2023-08-14T02:35:04.991+0200][gc,start    ] GC(6) Pause Young (Normal) (G1 Evacuation Pause)
[2023-08-14T02:35:04.995+0200][gc,task     ] GC(6) Using 8 workers of 8 for evacuation
[2023-08-14T02:35:05.184+0200][gc,mmu      ] GC(6) MMU target violated: 21.0ms (20.0ms/21.0ms)
[2023-08-14T02:35:05.184+0200][gc,phases   ] GC(6)   Pre Evacuate Collection Set: 14.6ms
[2023-08-14T02:35:05.184+0200][gc,phases   ] GC(6)   Merge Heap Roots: 2.0ms
[2023-08-14T02:35:05.184+0200][gc,phases   ] GC(6)   Evacuate Collection Set: 169.3ms
[2023-08-14T02:35:05.184+0200][gc,phases   ] GC(6)   Post Evacuate Collection Set: 2.0ms
[2023-08-14T02:35:05.184+0200][gc,phases   ] GC(6)   Other: 4.6ms
[2023-08-14T02:35:05.184+0200][gc,heap     ] GC(6) Eden regions: 49->0(45)
[2023-08-14T02:35:05.184+0200][gc,heap     ] GC(6) Survivor regions: 2->6(7)
[2023-08-14T02:35:05.184+0200][gc,heap     ] GC(6) Old regions: 13->13
[2023-08-14T02:35:05.184+0200][gc,heap     ] GC(6) Archive regions: 2->2
[2023-08-14T02:35:05.184+0200][gc,heap     ] GC(6) Humongous regions: 129->129
[2023-08-14T02:35:05.184+0200][gc,metaspace] GC(6) Metaspace: 40103K(40704K)->40103K(40704K) NonClass: 35321K(35648K)->35321K(35648K) Class: 4781K(5056K)->4781K(5056K)
[2023-08-14T02:35:05.184+0200][gc          ] GC(6) Pause Young (Normal) (G1 Evacuation Pause) 193M->147M(1024M) 192.787ms
[2023-08-14T02:35:05.184+0200][gc,cpu      ] GC(6) User=0.06s Sys=0.10s Real=0.19s
