[2023-10-11T01:21:16.599+0200][gc] Using G1
[2023-10-11T01:21:16.600+0200][gc,init] Version: 17.0.6+9-LTS-190 (release)
[2023-10-11T01:21:16.600+0200][gc,init] CPUs: 8 total, 8 available
[2023-10-11T01:21:16.600+0200][gc,init] Memory: 8192M
[2023-10-11T01:21:16.600+0200][gc,init] Large Page Support: Disabled
[2023-10-11T01:21:16.601+0200][gc,init] NUMA Support: Disabled
[2023-10-11T01:21:16.601+0200][gc,init] Compressed Oops: Enabled (Zero based)
[2023-10-11T01:21:16.601+0200][gc,init] Heap Region Size: 1M
[2023-10-11T01:21:16.601+0200][gc,init] Heap Min Capacity: 1G
[2023-10-11T01:21:16.601+0200][gc,init] Heap Initial Capacity: 1G
[2023-10-11T01:21:16.601+0200][gc,init] Heap Max Capacity: 1G
[2023-10-11T01:21:16.601+0200][gc,init] Pre-touch: Disabled
[2023-10-11T01:21:16.601+0200][gc,init] Parallel Workers: 8
[2023-10-11T01:21:16.601+0200][gc,init] Concurrent Workers: 2
[2023-10-11T01:21:16.601+0200][gc,init] Concurrent Refinement Workers: 8
[2023-10-11T01:21:16.601+0200][gc,init] Periodic GC: Disabled
[2023-10-11T01:21:16.601+0200][gc,metaspace] CDS archive(s) mapped at: [0x0000000800000000-0x0000000800bd8000-0x0000000800bd8000), size 12419072, SharedBaseAddress: 0x0000000800000000, ArchiveRelocationMode: 0.
[2023-10-11T01:21:16.601+0200][gc,metaspace] Compressed class space mapped at: 0x0000000800c00000-0x0000000840c00000, reserved size: 1073741824
[2023-10-11T01:21:16.601+0200][gc,metaspace] Narrow klass base: 0x0000000800000000, Narrow klass shift: 0, Narrow klass range: 0x100000000
[2023-10-11T01:21:17.625+0200][gc,start    ] GC(0) Pause Young (Normal) (G1 Evacuation Pause)
[2023-10-11T01:21:17.625+0200][gc,task     ] GC(0) Using 8 workers of 8 for evacuation
[2023-10-11T01:21:17.628+0200][gc,phases   ] GC(0)   Pre Evacuate Collection Set: 0.2ms
[2023-10-11T01:21:17.628+0200][gc,phases   ] GC(0)   Merge Heap Roots: 0.0ms
[2023-10-11T01:21:17.628+0200][gc,phases   ] GC(0)   Evacuate Collection Set: 2.6ms
[2023-10-11T01:21:17.628+0200][gc,phases   ] GC(0)   Post Evacuate Collection Set: 0.2ms
[2023-10-11T01:21:17.628+0200][gc,phases   ] GC(0)   Other: 0.2ms
[2023-10-11T01:21:17.628+0200][gc,heap     ] GC(0) Eden regions: 51->0(44)
[2023-10-11T01:21:17.628+0200][gc,heap     ] GC(0) Survivor regions: 0->7(7)
[2023-10-11T01:21:17.628+0200][gc,heap     ] GC(0) Old regions: 0->1
[2023-10-11T01:21:17.628+0200][gc,heap     ] GC(0) Archive regions: 2->2
[2023-10-11T01:21:17.628+0200][gc,heap     ] GC(0) Humongous regions: 0->0
[2023-10-11T01:21:17.628+0200][gc,metaspace] GC(0) Metaspace: 18034K(18240K)->18034K(18240K) NonClass: 15889K(16000K)->15889K(16000K) Class: 2144K(2240K)->2144K(2240K)
[2023-10-11T01:21:17.628+0200][gc          ] GC(0) Pause Young (Normal) (G1 Evacuation Pause) 51M->8M(1024M) 3.335ms
[2023-10-11T01:21:17.628+0200][gc,cpu      ] GC(0) User=0.02s Sys=0.01s Real=0.00s
[2023-10-11T01:21:17.859+0200][gc,start    ] GC(1) Pause Young (Concurrent Start) (Metadata GC Threshold)
[2023-10-11T01:21:17.859+0200][gc,task     ] GC(1) Using 8 workers of 8 for evacuation
[2023-10-11T01:21:17.862+0200][gc,phases   ] GC(1)   Pre Evacuate Collection Set: 0.1ms
[2023-10-11T01:21:17.862+0200][gc,phases   ] GC(1)   Merge Heap Roots: 0.0ms
[2023-10-11T01:21:17.862+0200][gc,phases   ] GC(1)   Evacuate Collection Set: 2.6ms
[2023-10-11T01:21:17.862+0200][gc,phases   ] GC(1)   Post Evacuate Collection Set: 0.2ms
[2023-10-11T01:21:17.862+0200][gc,phases   ] GC(1)   Other: 0.1ms
[2023-10-11T01:21:17.862+0200][gc,heap     ] GC(1) Eden regions: 14->0(49)
[2023-10-11T01:21:17.862+0200][gc,heap     ] GC(1) Survivor regions: 7->2(7)
[2023-10-11T01:21:17.862+0200][gc,heap     ] GC(1) Old regions: 1->8
[2023-10-11T01:21:17.862+0200][gc,heap     ] GC(1) Archive regions: 2->2
[2023-10-11T01:21:17.863+0200][gc,heap     ] GC(1) Humongous regions: 129->129
[2023-10-11T01:21:17.863+0200][gc,metaspace] GC(1) Metaspace: 21333K(21504K)->21333K(21504K) NonClass: 18753K(18816K)->18753K(18816K) Class: 2580K(2688K)->2580K(2688K)
[2023-10-11T01:21:17.863+0200][gc          ] GC(1) Pause Young (Concurrent Start) (Metadata GC Threshold) 150M->138M(1024M) 3.113ms
[2023-10-11T01:21:17.863+0200][gc,cpu      ] GC(1) User=0.01s Sys=0.00s Real=0.01s
[2023-10-11T01:21:17.863+0200][gc          ] GC(2) Concurrent Mark Cycle
[2023-10-11T01:21:17.863+0200][gc,marking  ] GC(2) Concurrent Clear Claimed Marks
[2023-10-11T01:21:17.863+0200][gc,marking  ] GC(2) Concurrent Clear Claimed Marks 0.013ms
[2023-10-11T01:21:17.863+0200][gc,marking  ] GC(2) Concurrent Scan Root Regions
[2023-10-11T01:21:17.864+0200][gc,marking  ] GC(2) Concurrent Scan Root Regions 1.544ms
[2023-10-11T01:21:17.864+0200][gc,marking  ] GC(2) Concurrent Mark
[2023-10-11T01:21:17.864+0200][gc,marking  ] GC(2) Concurrent Mark From Roots
[2023-10-11T01:21:17.864+0200][gc,task     ] GC(2) Using 2 workers of 2 for marking
[2023-10-11T01:21:17.865+0200][gc,marking  ] GC(2) Concurrent Mark From Roots 0.831ms
[2023-10-11T01:21:17.865+0200][gc,marking  ] GC(2) Concurrent Preclean
[2023-10-11T01:21:17.865+0200][gc,marking  ] GC(2) Concurrent Preclean 0.012ms
[2023-10-11T01:21:17.865+0200][gc,start    ] GC(2) Pause Remark
[2023-10-11T01:21:17.868+0200][gc          ] GC(2) Pause Remark 139M->139M(1024M) 2.756ms
[2023-10-11T01:21:17.868+0200][gc,cpu      ] GC(2) User=0.00s Sys=0.00s Real=0.00s
[2023-10-11T01:21:17.868+0200][gc,marking  ] GC(2) Concurrent Mark 3.801ms
[2023-10-11T01:21:17.868+0200][gc,marking  ] GC(2) Concurrent Rebuild Remembered Sets
[2023-10-11T01:21:17.871+0200][gc,marking  ] GC(2) Concurrent Rebuild Remembered Sets 3.085ms
[2023-10-11T01:21:17.871+0200][gc,start    ] GC(2) Pause Cleanup
[2023-10-11T01:21:17.871+0200][gc          ] GC(2) Pause Cleanup 139M->139M(1024M) 0.061ms
[2023-10-11T01:21:17.871+0200][gc,cpu      ] GC(2) User=0.00s Sys=0.00s Real=0.00s
[2023-10-11T01:21:17.871+0200][gc,marking  ] GC(2) Concurrent Cleanup for Next Mark
[2023-10-11T01:21:17.873+0200][gc,marking  ] GC(2) Concurrent Cleanup for Next Mark 1.341ms
[2023-10-11T01:21:17.873+0200][gc          ] GC(2) Concurrent Mark Cycle 9.967ms
[2023-10-11T01:21:18.231+0200][gc,start    ] GC(3) Pause Young (Normal) (G1 Evacuation Pause)
[2023-10-11T01:21:18.231+0200][gc,task     ] GC(3) Using 8 workers of 8 for evacuation
[2023-10-11T01:21:18.235+0200][gc,phases   ] GC(3)   Pre Evacuate Collection Set: 0.1ms
[2023-10-11T01:21:18.235+0200][gc,phases   ] GC(3)   Merge Heap Roots: 0.0ms
[2023-10-11T01:21:18.235+0200][gc,phases   ] GC(3)   Evacuate Collection Set: 2.5ms
[2023-10-11T01:21:18.235+0200][gc,phases   ] GC(3)   Post Evacuate Collection Set: 0.4ms
[2023-10-11T01:21:18.235+0200][gc,phases   ] GC(3)   Other: 0.1ms
[2023-10-11T01:21:18.235+0200][gc,heap     ] GC(3) Eden regions: 49->0(45)
[2023-10-11T01:21:18.235+0200][gc,heap     ] GC(3) Survivor regions: 2->6(7)
[2023-10-11T01:21:18.235+0200][gc,heap     ] GC(3) Old regions: 8->8
[2023-10-11T01:21:18.235+0200][gc,heap     ] GC(3) Archive regions: 2->2
[2023-10-11T01:21:18.235+0200][gc,heap     ] GC(3) Humongous regions: 129->129
[2023-10-11T01:21:18.235+0200][gc,metaspace] GC(3) Metaspace: 32507K(32768K)->32507K(32768K) NonClass: 28828K(28992K)->28828K(28992K) Class: 3678K(3776K)->3678K(3776K)
[2023-10-11T01:21:18.235+0200][gc          ] GC(3) Pause Young (Normal) (G1 Evacuation Pause) 187M->142M(1024M) 3.172ms
[2023-10-11T01:21:18.235+0200][gc,cpu      ] GC(3) User=0.02s Sys=0.00s Real=0.00s
[2023-10-11T02:23:50.319+0200][gc,start    ] GC(4) Pause Young (Concurrent Start) (Metadata GC Threshold)
[2023-10-11T02:23:50.319+0200][gc,task     ] GC(4) Using 8 workers of 8 for evacuation
[2023-10-11T02:23:50.334+0200][gc,phases   ] GC(4)   Pre Evacuate Collection Set: 0.9ms
[2023-10-11T02:23:50.334+0200][gc,phases   ] GC(4)   Merge Heap Roots: 0.3ms
[2023-10-11T02:23:50.334+0200][gc,phases   ] GC(4)   Evacuate Collection Set: 13.0ms
[2023-10-11T02:23:50.334+0200][gc,phases   ] GC(4)   Post Evacuate Collection Set: 0.2ms
[2023-10-11T02:23:50.334+0200][gc,phases   ] GC(4)   Other: 2.7ms
[2023-10-11T02:23:50.334+0200][gc,heap     ] GC(4) Eden regions: 40->0(49)
[2023-10-11T02:23:50.334+0200][gc,heap     ] GC(4) Survivor regions: 6->2(7)
[2023-10-11T02:23:50.334+0200][gc,heap     ] GC(4) Old regions: 8->13
[2023-10-11T02:23:50.334+0200][gc,heap     ] GC(4) Archive regions: 2->2
[2023-10-11T02:23:50.334+0200][gc,heap     ] GC(4) Humongous regions: 129->129
[2023-10-11T02:23:50.334+0200][gc,metaspace] GC(4) Metaspace: 35719K(36096K)->35719K(36096K) NonClass: 31526K(31680K)->31526K(31680K) Class: 4192K(4416K)->4192K(4416K)
[2023-10-11T02:23:50.334+0200][gc          ] GC(4) Pause Young (Concurrent Start) (Metadata GC Threshold) 182M->144M(1024M) 15.617ms
[2023-10-11T02:23:50.334+0200][gc,cpu      ] GC(4) User=0.01s Sys=0.01s Real=0.02s
[2023-10-11T02:23:50.334+0200][gc          ] GC(5) Concurrent Mark Cycle
[2023-10-11T02:23:50.334+0200][gc,marking  ] GC(5) Concurrent Clear Claimed Marks
[2023-10-11T02:23:50.334+0200][gc,marking  ] GC(5) Concurrent Clear Claimed Marks 0.026ms
[2023-10-11T02:23:50.334+0200][gc,marking  ] GC(5) Concurrent Scan Root Regions
[2023-10-11T02:23:50.336+0200][gc,marking  ] GC(5) Concurrent Scan Root Regions 1.869ms
[2023-10-11T02:23:50.336+0200][gc,marking  ] GC(5) Concurrent Mark
[2023-10-11T02:23:50.336+0200][gc,marking  ] GC(5) Concurrent Mark From Roots
[2023-10-11T02:23:50.336+0200][gc,task     ] GC(5) Using 2 workers of 2 for marking
[2023-10-11T02:23:50.344+0200][gc,marking  ] GC(5) Concurrent Mark From Roots 7.407ms
[2023-10-11T02:23:50.344+0200][gc,marking  ] GC(5) Concurrent Preclean
[2023-10-11T02:23:50.344+0200][gc,marking  ] GC(5) Concurrent Preclean 0.144ms
[2023-10-11T02:23:50.344+0200][gc,start    ] GC(5) Pause Remark
[2023-10-11T02:23:50.359+0200][gc          ] GC(5) Pause Remark 144M->144M(1024M) 14.626ms
[2023-10-11T02:23:50.359+0200][gc,cpu      ] GC(5) User=0.01s Sys=0.01s Real=0.01s
[2023-10-11T02:23:50.359+0200][gc,marking  ] GC(5) Concurrent Mark 22.405ms
[2023-10-11T02:23:50.359+0200][gc,marking  ] GC(5) Concurrent Rebuild Remembered Sets
[2023-10-11T02:23:50.364+0200][gc,marking  ] GC(5) Concurrent Rebuild Remembered Sets 5.209ms
[2023-10-11T02:23:50.368+0200][gc,start    ] GC(5) Pause Cleanup
[2023-10-11T02:23:50.368+0200][gc          ] GC(5) Pause Cleanup 144M->144M(1024M) 0.107ms
[2023-10-11T02:23:50.368+0200][gc,cpu      ] GC(5) User=0.00s Sys=0.00s Real=0.00s
[2023-10-11T02:23:50.368+0200][gc,marking  ] GC(5) Concurrent Cleanup for Next Mark
[2023-10-11T02:23:50.370+0200][gc,marking  ] GC(5) Concurrent Cleanup for Next Mark 1.941ms
[2023-10-11T02:23:50.370+0200][gc          ] GC(5) Concurrent Mark Cycle 35.358ms
[2023-10-11T03:51:36.065+0200][gc,start    ] GC(6) Pause Young (Normal) (G1 Evacuation Pause)
[2023-10-11T03:51:36.068+0200][gc,task     ] GC(6) Using 8 workers of 8 for evacuation
[2023-10-11T03:51:36.183+0200][gc,mmu      ] GC(6) MMU target violated: 21.0ms (20.0ms/21.0ms)
[2023-10-11T03:51:36.183+0200][gc,phases   ] GC(6)   Pre Evacuate Collection Set: 5.8ms
[2023-10-11T03:51:36.183+0200][gc,phases   ] GC(6)   Merge Heap Roots: 3.6ms
[2023-10-11T03:51:36.183+0200][gc,phases   ] GC(6)   Evacuate Collection Set: 91.2ms
[2023-10-11T03:51:36.183+0200][gc,phases   ] GC(6)   Post Evacuate Collection Set: 13.7ms
[2023-10-11T03:51:36.186+0200][gc,phases   ] GC(6)   Other: 7.1ms
[2023-10-11T03:51:36.186+0200][gc,heap     ] GC(6) Eden regions: 49->0(49)
[2023-10-11T03:51:36.186+0200][gc,heap     ] GC(6) Survivor regions: 2->2(7)
[2023-10-11T03:51:36.186+0200][gc,heap     ] GC(6) Old regions: 13->13
[2023-10-11T03:51:36.186+0200][gc,heap     ] GC(6) Archive regions: 2->2
[2023-10-11T03:51:36.186+0200][gc,heap     ] GC(6) Humongous regions: 129->129
[2023-10-11T03:51:36.189+0200][gc,metaspace] GC(6) Metaspace: 37413K(37824K)->37413K(37824K) NonClass: 32964K(33216K)->32964K(33216K) Class: 4449K(4608K)->4449K(4608K)
[2023-10-11T03:51:36.191+0200][gc          ] GC(6) Pause Young (Normal) (G1 Evacuation Pause) 193M->144M(1024M) 127.581ms
[2023-10-11T03:51:36.192+0200][gc,cpu      ] GC(6) User=0.01s Sys=0.05s Real=0.13s
[2023-10-11T05:16:39.506+0200][gc,start    ] GC(7) Pause Young (Normal) (G1 Evacuation Pause)
[2023-10-11T05:16:39.509+0200][gc,task     ] GC(7) Using 8 workers of 8 for evacuation
[2023-10-11T05:16:39.563+0200][gc,mmu      ] GC(7) MMU target violated: 21.0ms (20.0ms/21.0ms)
[2023-10-11T05:16:39.564+0200][gc,phases   ] GC(7)   Pre Evacuate Collection Set: 4.8ms
[2023-10-11T05:16:39.564+0200][gc,phases   ] GC(7)   Merge Heap Roots: 1.9ms
[2023-10-11T05:16:39.564+0200][gc,phases   ] GC(7)   Evacuate Collection Set: 42.0ms
[2023-10-11T05:16:39.564+0200][gc,phases   ] GC(7)   Post Evacuate Collection Set: 4.3ms
[2023-10-11T05:16:39.564+0200][gc,phases   ] GC(7)   Other: 7.8ms
[2023-10-11T05:16:39.564+0200][gc,heap     ] GC(7) Eden regions: 49->0(49)
[2023-10-11T05:16:39.564+0200][gc,heap     ] GC(7) Survivor regions: 2->2(7)
[2023-10-11T05:16:39.564+0200][gc,heap     ] GC(7) Old regions: 13->13
[2023-10-11T05:16:39.564+0200][gc,heap     ] GC(7) Archive regions: 2->2
[2023-10-11T05:16:39.564+0200][gc,heap     ] GC(7) Humongous regions: 129->129
[2023-10-11T05:16:39.565+0200][gc,metaspace] GC(7) Metaspace: 37477K(37888K)->37477K(37888K) NonClass: 33027K(33280K)->33027K(33280K) Class: 4450K(4608K)->4450K(4608K)
[2023-10-11T05:16:39.565+0200][gc          ] GC(7) Pause Young (Normal) (G1 Evacuation Pause) 193M->143M(1024M) 58.859ms
[2023-10-11T05:16:39.565+0200][gc,cpu      ] GC(7) User=0.02s Sys=0.06s Real=0.06s
[2023-10-11T06:25:45.529+0200][gc,start    ] GC(8) Pause Young (Normal) (G1 Evacuation Pause)
[2023-10-11T06:25:45.532+0200][gc,task     ] GC(8) Using 8 workers of 8 for evacuation
[2023-10-11T06:25:45.590+0200][gc,mmu      ] GC(8) MMU target violated: 21.0ms (20.0ms/21.0ms)
[2023-10-11T06:25:45.590+0200][gc,phases   ] GC(8)   Pre Evacuate Collection Set: 6.3ms
[2023-10-11T06:25:45.590+0200][gc,phases   ] GC(8)   Merge Heap Roots: 1.8ms
[2023-10-11T06:25:45.590+0200][gc,phases   ] GC(8)   Evacuate Collection Set: 40.5ms
[2023-10-11T06:25:45.590+0200][gc,phases   ] GC(8)   Post Evacuate Collection Set: 9.2ms
[2023-10-11T06:25:45.591+0200][gc,phases   ] GC(8)   Other: 5.6ms
[2023-10-11T06:25:45.591+0200][gc,heap     ] GC(8) Eden regions: 49->0(49)
[2023-10-11T06:25:45.591+0200][gc,heap     ] GC(8) Survivor regions: 2->2(7)
[2023-10-11T06:25:45.591+0200][gc,heap     ] GC(8) Old regions: 13->13
[2023-10-11T06:25:45.591+0200][gc,heap     ] GC(8) Archive regions: 2->2
[2023-10-11T06:25:45.591+0200][gc,heap     ] GC(8) Humongous regions: 129->129
[2023-10-11T06:25:45.591+0200][gc,metaspace] GC(8) Metaspace: 37514K(37888K)->37514K(37888K) NonClass: 33064K(33280K)->33064K(33280K) Class: 4450K(4608K)->4450K(4608K)
[2023-10-11T06:25:45.592+0200][gc          ] GC(8) Pause Young (Normal) (G1 Evacuation Pause) 192M->143M(1024M) 62.633ms
[2023-10-11T06:25:45.592+0200][gc,cpu      ] GC(8) User=0.01s Sys=0.05s Real=0.07s
[2023-10-11T07:34:47.251+0200][gc,start    ] GC(9) Pause Young (Normal) (G1 Evacuation Pause)
[2023-10-11T07:34:47.252+0200][gc,task     ] GC(9) Using 8 workers of 8 for evacuation
[2023-10-11T07:34:47.318+0200][gc,mmu      ] GC(9) MMU target violated: 21.0ms (20.0ms/21.0ms)
[2023-10-11T07:34:47.318+0200][gc,phases   ] GC(9)   Pre Evacuate Collection Set: 8.3ms
[2023-10-11T07:34:47.318+0200][gc,phases   ] GC(9)   Merge Heap Roots: 6.5ms
[2023-10-11T07:34:47.318+0200][gc,phases   ] GC(9)   Evacuate Collection Set: 41.0ms
[2023-10-11T07:34:47.318+0200][gc,phases   ] GC(9)   Post Evacuate Collection Set: 3.0ms
[2023-10-11T07:34:47.319+0200][gc,phases   ] GC(9)   Other: 11.5ms
[2023-10-11T07:34:47.319+0200][gc,heap     ] GC(9) Eden regions: 49->0(49)
[2023-10-11T07:34:47.319+0200][gc,heap     ] GC(9) Survivor regions: 2->2(7)
[2023-10-11T07:34:47.319+0200][gc,heap     ] GC(9) Old regions: 13->13
[2023-10-11T07:34:47.319+0200][gc,heap     ] GC(9) Archive regions: 2->2
[2023-10-11T07:34:47.319+0200][gc,heap     ] GC(9) Humongous regions: 129->129
[2023-10-11T07:34:47.320+0200][gc,metaspace] GC(9) Metaspace: 37526K(37888K)->37526K(37888K) NonClass: 33075K(33280K)->33075K(33280K) Class: 4450K(4608K)->4450K(4608K)
[2023-10-11T07:34:47.321+0200][gc          ] GC(9) Pause Young (Normal) (G1 Evacuation Pause) 192M->143M(1024M) 70.022ms
[2023-10-11T07:34:47.321+0200][gc,cpu      ] GC(9) User=0.02s Sys=0.04s Real=0.07s
[2023-10-11T08:44:29.482+0200][gc,start    ] GC(10) Pause Young (Normal) (G1 Evacuation Pause)
[2023-10-11T08:44:29.484+0200][gc,task     ] GC(10) Using 8 workers of 8 for evacuation
[2023-10-11T08:44:29.750+0200][gc,mmu      ] GC(10) MMU target violated: 21.0ms (20.0ms/21.0ms)
[2023-10-11T08:44:29.750+0200][gc,phases   ] GC(10)   Pre Evacuate Collection Set: 12.5ms
[2023-10-11T08:44:29.750+0200][gc,phases   ] GC(10)   Merge Heap Roots: 5.5ms
[2023-10-11T08:44:29.750+0200][gc,phases   ] GC(10)   Evacuate Collection Set: 232.9ms
[2023-10-11T08:44:29.750+0200][gc,phases   ] GC(10)   Post Evacuate Collection Set: 13.5ms
[2023-10-11T08:44:29.754+0200][gc,phases   ] GC(10)   Other: 6.4ms
[2023-10-11T08:44:29.754+0200][gc,heap     ] GC(10) Eden regions: 49->0(49)
[2023-10-11T08:44:29.754+0200][gc,heap     ] GC(10) Survivor regions: 2->2(7)
[2023-10-11T08:44:29.754+0200][gc,heap     ] GC(10) Old regions: 13->13
[2023-10-11T08:44:29.754+0200][gc,heap     ] GC(10) Archive regions: 2->2
[2023-10-11T08:44:29.754+0200][gc,heap     ] GC(10) Humongous regions: 129->129
[2023-10-11T08:44:29.758+0200][gc,metaspace] GC(10) Metaspace: 37544K(37888K)->37544K(37888K) NonClass: 33094K(33280K)->33094K(33280K) Class: 4450K(4608K)->4450K(4608K)
[2023-10-11T08:44:29.763+0200][gc          ] GC(10) Pause Young (Normal) (G1 Evacuation Pause) 192M->143M(1024M) 281.737ms
[2023-10-11T08:44:29.763+0200][gc,cpu      ] GC(10) User=0.05s Sys=0.04s Real=0.28s
[2023-10-11T09:54:12.141+0200][gc,start    ] GC(11) Pause Young (Normal) (G1 Evacuation Pause)
[2023-10-11T09:54:12.144+0200][gc,task     ] GC(11) Using 8 workers of 8 for evacuation
[2023-10-11T09:54:12.236+0200][gc,mmu      ] GC(11) MMU target violated: 21.0ms (20.0ms/21.0ms)
[2023-10-11T09:54:12.236+0200][gc,phases   ] GC(11)   Pre Evacuate Collection Set: 8.6ms
[2023-10-11T09:54:12.236+0200][gc,phases   ] GC(11)   Merge Heap Roots: 1.2ms
[2023-10-11T09:54:12.236+0200][gc,phases   ] GC(11)   Evacuate Collection Set: 64.6ms
[2023-10-11T09:54:12.236+0200][gc,phases   ] GC(11)   Post Evacuate Collection Set: 14.6ms
[2023-10-11T09:54:12.236+0200][gc,phases   ] GC(11)   Other: 8.9ms
[2023-10-11T09:54:12.236+0200][gc,heap     ] GC(11) Eden regions: 49->0(49)
[2023-10-11T09:54:12.236+0200][gc,heap     ] GC(11) Survivor regions: 2->2(7)
[2023-10-11T09:54:12.236+0200][gc,heap     ] GC(11) Old regions: 13->13
[2023-10-11T09:54:12.236+0200][gc,heap     ] GC(11) Archive regions: 2->2
[2023-10-11T09:54:12.236+0200][gc,heap     ] GC(11) Humongous regions: 129->129
[2023-10-11T09:54:12.239+0200][gc,metaspace] GC(11) Metaspace: 37558K(37952K)->37558K(37952K) NonClass: 33108K(33344K)->33108K(33344K) Class: 4450K(4608K)->4450K(4608K)
[2023-10-11T09:54:12.239+0200][gc          ] GC(11) Pause Young (Normal) (G1 Evacuation Pause) 192M->143M(1024M) 97.847ms
[2023-10-11T09:54:12.239+0200][gc,cpu      ] GC(11) User=0.03s Sys=0.06s Real=0.09s
[2023-10-11T11:29:16.368+0200][gc,start    ] GC(12) Pause Young (Normal) (G1 Evacuation Pause)
[2023-10-11T11:29:16.371+0200][gc,task     ] GC(12) Using 8 workers of 8 for evacuation
[2023-10-11T11:29:16.519+0200][gc,mmu      ] GC(12) MMU target violated: 21.0ms (20.0ms/21.0ms)
[2023-10-11T11:29:16.519+0200][gc,phases   ] GC(12)   Pre Evacuate Collection Set: 6.4ms
[2023-10-11T11:29:16.519+0200][gc,phases   ] GC(12)   Merge Heap Roots: 0.8ms
[2023-10-11T11:29:16.519+0200][gc,phases   ] GC(12)   Evacuate Collection Set: 124.8ms
[2023-10-11T11:29:16.519+0200][gc,phases   ] GC(12)   Post Evacuate Collection Set: 11.2ms
[2023-10-11T11:29:16.519+0200][gc,phases   ] GC(12)   Other: 10.0ms
[2023-10-11T11:29:16.519+0200][gc,heap     ] GC(12) Eden regions: 49->0(49)
[2023-10-11T11:29:16.519+0200][gc,heap     ] GC(12) Survivor regions: 2->2(7)
[2023-10-11T11:29:16.519+0200][gc,heap     ] GC(12) Old regions: 13->13
[2023-10-11T11:29:16.519+0200][gc,heap     ] GC(12) Archive regions: 2->2
[2023-10-11T11:29:16.519+0200][gc,heap     ] GC(12) Humongous regions: 129->129
[2023-10-11T11:29:16.522+0200][gc,metaspace] GC(12) Metaspace: 37577K(38016K)->37577K(38016K) NonClass: 33126K(33408K)->33126K(33408K) Class: 4450K(4608K)->4450K(4608K)
[2023-10-11T11:29:16.522+0200][gc          ] GC(12) Pause Young (Normal) (G1 Evacuation Pause) 192M->143M(1024M) 154.285ms
[2023-10-11T11:29:16.522+0200][gc,cpu      ] GC(12) User=0.04s Sys=0.05s Real=0.16s
[2023-10-11T13:26:34.131+0200][gc,start    ] GC(13) Pause Young (Normal) (G1 Evacuation Pause)
[2023-10-11T13:26:34.131+0200][gc,task     ] GC(13) Using 8 workers of 8 for evacuation
[2023-10-11T13:26:34.212+0200][gc,mmu      ] GC(13) MMU target violated: 21.0ms (20.0ms/21.0ms)
[2023-10-11T13:26:34.212+0200][gc,phases   ] GC(13)   Pre Evacuate Collection Set: 6.7ms
[2023-10-11T13:26:34.212+0200][gc,phases   ] GC(13)   Merge Heap Roots: 3.0ms
[2023-10-11T13:26:34.212+0200][gc,phases   ] GC(13)   Evacuate Collection Set: 61.9ms
[2023-10-11T13:26:34.212+0200][gc,phases   ] GC(13)   Post Evacuate Collection Set: 7.2ms
[2023-10-11T13:26:34.216+0200][gc,phases   ] GC(13)   Other: 5.6ms
[2023-10-11T13:26:34.216+0200][gc,heap     ] GC(13) Eden regions: 49->0(49)
[2023-10-11T13:26:34.216+0200][gc,heap     ] GC(13) Survivor regions: 2->2(7)
[2023-10-11T13:26:34.216+0200][gc,heap     ] GC(13) Old regions: 13->13
[2023-10-11T13:26:34.216+0200][gc,heap     ] GC(13) Archive regions: 2->2
[2023-10-11T13:26:34.216+0200][gc,heap     ] GC(13) Humongous regions: 129->129
[2023-10-11T13:26:34.219+0200][gc,metaspace] GC(13) Metaspace: 37587K(38016K)->37587K(38016K) NonClass: 33137K(33408K)->33137K(33408K) Class: 4450K(4608K)->4450K(4608K)
[2023-10-11T13:26:34.219+0200][gc          ] GC(13) Pause Young (Normal) (G1 Evacuation Pause) 192M->143M(1024M) 88.941ms
[2023-10-11T13:26:34.219+0200][gc,cpu      ] GC(13) User=0.03s Sys=0.05s Real=0.08s
[2023-10-11T14:47:59.068+0200][gc,start    ] GC(14) Pause Young (Normal) (G1 Evacuation Pause)
[2023-10-11T14:47:59.068+0200][gc,task     ] GC(14) Using 8 workers of 8 for evacuation
[2023-10-11T14:47:59.082+0200][gc,phases   ] GC(14)   Pre Evacuate Collection Set: 1.1ms
[2023-10-11T14:47:59.082+0200][gc,phases   ] GC(14)   Merge Heap Roots: 0.1ms
[2023-10-11T14:47:59.082+0200][gc,phases   ] GC(14)   Evacuate Collection Set: 11.2ms
[2023-10-11T14:47:59.082+0200][gc,phases   ] GC(14)   Post Evacuate Collection Set: 0.9ms
[2023-10-11T14:47:59.082+0200][gc,phases   ] GC(14)   Other: 1.3ms
[2023-10-11T14:47:59.082+0200][gc,heap     ] GC(14) Eden regions: 49->0(49)
[2023-10-11T14:47:59.082+0200][gc,heap     ] GC(14) Survivor regions: 2->2(7)
[2023-10-11T14:47:59.082+0200][gc,heap     ] GC(14) Old regions: 13->13
[2023-10-11T14:47:59.082+0200][gc,heap     ] GC(14) Archive regions: 2->2
[2023-10-11T14:47:59.082+0200][gc,heap     ] GC(14) Humongous regions: 129->129
[2023-10-11T14:47:59.082+0200][gc,metaspace] GC(14) Metaspace: 37692K(38144K)->37692K(38144K) NonClass: 33220K(33472K)->33220K(33472K) Class: 4471K(4672K)->4471K(4672K)
[2023-10-11T14:47:59.082+0200][gc          ] GC(14) Pause Young (Normal) (G1 Evacuation Pause) 192M->144M(1024M) 14.031ms
[2023-10-11T14:47:59.082+0200][gc,cpu      ] GC(14) User=0.02s Sys=0.01s Real=0.02s
[2023-10-11T14:48:00.724+0200][gc,heap,exit] Heap
[2023-10-11T14:48:00.724+0200][gc,heap,exit]  garbage-first heap   total 1048576K, used 156488K [0x00000007c0000000, 0x0000000800000000)
[2023-10-11T14:48:00.724+0200][gc,heap,exit]   region size 1024K, 11 young (11264K), 2 survivors (2048K)
[2023-10-11T14:48:00.724+0200][gc,heap,exit]  Metaspace       used 38279K, committed 38720K, reserved 1089536K
[2023-10-11T14:48:00.724+0200][gc,heap,exit]   class space    used 4611K, committed 4800K, reserved 1048576K
