[2023-11-12T17:23:11.836+0100][gc] Using G1
[2023-11-12T17:23:11.837+0100][gc,init] Version: 17.0.6+9-LTS-190 (release)
[2023-11-12T17:23:11.837+0100][gc,init] CPUs: 8 total, 8 available
[2023-11-12T17:23:11.837+0100][gc,init] Memory: 8192M
[2023-11-12T17:23:11.837+0100][gc,init] Large Page Support: Disabled
[2023-11-12T17:23:11.837+0100][gc,init] NUMA Support: Disabled
[2023-11-12T17:23:11.837+0100][gc,init] Compressed Oops: Enabled (Zero based)
[2023-11-12T17:23:11.837+0100][gc,init] Heap Region Size: 1M
[2023-11-12T17:23:11.837+0100][gc,init] Heap Min Capacity: 1G
[2023-11-12T17:23:11.837+0100][gc,init] Heap Initial Capacity: 1G
[2023-11-12T17:23:11.837+0100][gc,init] Heap Max Capacity: 1G
[2023-11-12T17:23:11.837+0100][gc,init] Pre-touch: Disabled
[2023-11-12T17:23:11.837+0100][gc,init] Parallel Workers: 8
[2023-11-12T17:23:11.837+0100][gc,init] Concurrent Workers: 2
[2023-11-12T17:23:11.837+0100][gc,init] Concurrent Refinement Workers: 8
[2023-11-12T17:23:11.837+0100][gc,init] Periodic GC: Disabled
[2023-11-12T17:23:11.837+0100][gc,metaspace] CDS archive(s) mapped at: [0x0000000800000000-0x0000000800bd8000-0x0000000800bd8000), size 12419072, SharedBaseAddress: 0x0000000800000000, ArchiveRelocationMode: 0.
[2023-11-12T17:23:11.837+0100][gc,metaspace] Compressed class space mapped at: 0x0000000800c00000-0x0000000840c00000, reserved size: 1073741824
[2023-11-12T17:23:11.837+0100][gc,metaspace] Narrow klass base: 0x0000000800000000, Narrow klass shift: 0, Narrow klass range: 0x100000000
[2023-11-12T17:23:12.881+0100][gc,start    ] GC(0) Pause Young (Normal) (G1 Evacuation Pause)
[2023-11-12T17:23:12.881+0100][gc,task     ] GC(0) Using 8 workers of 8 for evacuation
[2023-11-12T17:23:12.884+0100][gc,phases   ] GC(0)   Pre Evacuate Collection Set: 0.2ms
[2023-11-12T17:23:12.884+0100][gc,phases   ] GC(0)   Merge Heap Roots: 0.0ms
[2023-11-12T17:23:12.884+0100][gc,phases   ] GC(0)   Evacuate Collection Set: 2.5ms
[2023-11-12T17:23:12.884+0100][gc,phases   ] GC(0)   Post Evacuate Collection Set: 0.2ms
[2023-11-12T17:23:12.884+0100][gc,phases   ] GC(0)   Other: 0.2ms
[2023-11-12T17:23:12.884+0100][gc,heap     ] GC(0) Eden regions: 51->0(44)
[2023-11-12T17:23:12.884+0100][gc,heap     ] GC(0) Survivor regions: 0->7(7)
[2023-11-12T17:23:12.884+0100][gc,heap     ] GC(0) Old regions: 0->1
[2023-11-12T17:23:12.884+0100][gc,heap     ] GC(0) Archive regions: 2->2
[2023-11-12T17:23:12.884+0100][gc,heap     ] GC(0) Humongous regions: 0->0
[2023-11-12T17:23:12.884+0100][gc,metaspace] GC(0) Metaspace: 18148K(18304K)->18148K(18304K) NonClass: 15989K(16064K)->15989K(16064K) Class: 2159K(2240K)->2159K(2240K)
[2023-11-12T17:23:12.884+0100][gc          ] GC(0) Pause Young (Normal) (G1 Evacuation Pause) 51M->8M(1024M) 3.223ms
[2023-11-12T17:23:12.884+0100][gc,cpu      ] GC(0) User=0.01s Sys=0.01s Real=0.00s
[2023-11-12T17:23:13.172+0100][gc,start    ] GC(1) Pause Young (Concurrent Start) (Metadata GC Threshold)
[2023-11-12T17:23:13.172+0100][gc,task     ] GC(1) Using 8 workers of 8 for evacuation
[2023-11-12T17:23:13.175+0100][gc,phases   ] GC(1)   Pre Evacuate Collection Set: 0.1ms
[2023-11-12T17:23:13.175+0100][gc,phases   ] GC(1)   Merge Heap Roots: 0.0ms
[2023-11-12T17:23:13.175+0100][gc,phases   ] GC(1)   Evacuate Collection Set: 2.5ms
[2023-11-12T17:23:13.175+0100][gc,phases   ] GC(1)   Post Evacuate Collection Set: 0.2ms
[2023-11-12T17:23:13.175+0100][gc,phases   ] GC(1)   Other: 0.1ms
[2023-11-12T17:23:13.175+0100][gc,heap     ] GC(1) Eden regions: 13->0(49)
[2023-11-12T17:23:13.175+0100][gc,heap     ] GC(1) Survivor regions: 7->2(7)
[2023-11-12T17:23:13.175+0100][gc,heap     ] GC(1) Old regions: 1->8
[2023-11-12T17:23:13.175+0100][gc,heap     ] GC(1) Archive regions: 2->2
[2023-11-12T17:23:13.175+0100][gc,heap     ] GC(1) Humongous regions: 129->129
[2023-11-12T17:23:13.175+0100][gc,metaspace] GC(1) Metaspace: 21279K(21504K)->21279K(21504K) NonClass: 18700K(18816K)->18700K(18816K) Class: 2578K(2688K)->2578K(2688K)
[2023-11-12T17:23:13.175+0100][gc          ] GC(1) Pause Young (Concurrent Start) (Metadata GC Threshold) 150M->139M(1024M) 3.027ms
[2023-11-12T17:23:13.175+0100][gc,cpu      ] GC(1) User=0.01s Sys=0.00s Real=0.00s
[2023-11-12T17:23:13.175+0100][gc          ] GC(2) Concurrent Mark Cycle
[2023-11-12T17:23:13.175+0100][gc,marking  ] GC(2) Concurrent Clear Claimed Marks
[2023-11-12T17:23:13.175+0100][gc,marking  ] GC(2) Concurrent Clear Claimed Marks 0.006ms
[2023-11-12T17:23:13.175+0100][gc,marking  ] GC(2) Concurrent Scan Root Regions
[2023-11-12T17:23:13.176+0100][gc,marking  ] GC(2) Concurrent Scan Root Regions 1.210ms
[2023-11-12T17:23:13.176+0100][gc,marking  ] GC(2) Concurrent Mark
[2023-11-12T17:23:13.176+0100][gc,marking  ] GC(2) Concurrent Mark From Roots
[2023-11-12T17:23:13.176+0100][gc,task     ] GC(2) Using 2 workers of 2 for marking
[2023-11-12T17:23:13.177+0100][gc,marking  ] GC(2) Concurrent Mark From Roots 0.717ms
[2023-11-12T17:23:13.177+0100][gc,marking  ] GC(2) Concurrent Preclean
[2023-11-12T17:23:13.177+0100][gc,marking  ] GC(2) Concurrent Preclean 0.013ms
[2023-11-12T17:23:13.177+0100][gc,start    ] GC(2) Pause Remark
[2023-11-12T17:23:13.181+0100][gc          ] GC(2) Pause Remark 139M->139M(1024M) 4.104ms
[2023-11-12T17:23:13.181+0100][gc,cpu      ] GC(2) User=0.00s Sys=0.00s Real=0.01s
[2023-11-12T17:23:13.182+0100][gc,marking  ] GC(2) Concurrent Mark 5.831ms
[2023-11-12T17:23:13.182+0100][gc,marking  ] GC(2) Concurrent Rebuild Remembered Sets
[2023-11-12T17:23:13.184+0100][gc,marking  ] GC(2) Concurrent Rebuild Remembered Sets 1.400ms
[2023-11-12T17:23:13.184+0100][gc,start    ] GC(2) Pause Cleanup
[2023-11-12T17:23:13.184+0100][gc          ] GC(2) Pause Cleanup 139M->139M(1024M) 0.055ms
[2023-11-12T17:23:13.184+0100][gc,cpu      ] GC(2) User=0.00s Sys=0.00s Real=0.00s
[2023-11-12T17:23:13.184+0100][gc,marking  ] GC(2) Concurrent Cleanup for Next Mark
[2023-11-12T17:23:13.185+0100][gc,marking  ] GC(2) Concurrent Cleanup for Next Mark 1.278ms
[2023-11-12T17:23:13.185+0100][gc          ] GC(2) Concurrent Mark Cycle 9.907ms
[2023-11-12T17:23:13.573+0100][gc,start    ] GC(3) Pause Young (Normal) (G1 Evacuation Pause)
[2023-11-12T17:23:13.573+0100][gc,task     ] GC(3) Using 8 workers of 8 for evacuation
[2023-11-12T17:23:13.575+0100][gc,phases   ] GC(3)   Pre Evacuate Collection Set: 0.1ms
[2023-11-12T17:23:13.576+0100][gc,phases   ] GC(3)   Merge Heap Roots: 0.1ms
[2023-11-12T17:23:13.576+0100][gc,phases   ] GC(3)   Evacuate Collection Set: 2.4ms
[2023-11-12T17:23:13.576+0100][gc,phases   ] GC(3)   Post Evacuate Collection Set: 0.2ms
[2023-11-12T17:23:13.576+0100][gc,phases   ] GC(3)   Other: 0.1ms
[2023-11-12T17:23:13.576+0100][gc,heap     ] GC(3) Eden regions: 49->0(45)
[2023-11-12T17:23:13.576+0100][gc,heap     ] GC(3) Survivor regions: 2->6(7)
[2023-11-12T17:23:13.576+0100][gc,heap     ] GC(3) Old regions: 8->8
[2023-11-12T17:23:13.576+0100][gc,heap     ] GC(3) Archive regions: 2->2
[2023-11-12T17:23:13.576+0100][gc,heap     ] GC(3) Humongous regions: 129->129
[2023-11-12T17:23:13.576+0100][gc,metaspace] GC(3) Metaspace: 32467K(32704K)->32467K(32704K) NonClass: 28795K(28928K)->28795K(28928K) Class: 3671K(3776K)->3671K(3776K)
[2023-11-12T17:23:13.576+0100][gc          ] GC(3) Pause Young (Normal) (G1 Evacuation Pause) 188M->143M(1024M) 2.902ms
[2023-11-12T17:23:13.576+0100][gc,cpu      ] GC(3) User=0.01s Sys=0.00s Real=0.00s
[2023-11-12T17:23:14.489+0100][gc,start    ] GC(4) Pause Young (Concurrent Start) (Metadata GC Threshold)
[2023-11-12T17:23:14.506+0100][gc,task     ] GC(4) Using 8 workers of 8 for evacuation
[2023-11-12T17:23:14.510+0100][gc,phases   ] GC(4)   Pre Evacuate Collection Set: 0.2ms
[2023-11-12T17:23:14.524+0100][gc,phases   ] GC(4)   Merge Heap Roots: 0.1ms
[2023-11-12T17:23:14.524+0100][gc,phases   ] GC(4)   Evacuate Collection Set: 3.0ms
[2023-11-12T17:23:14.524+0100][gc,phases   ] GC(4)   Post Evacuate Collection Set: 0.3ms
[2023-11-12T17:23:14.524+0100][gc,phases   ] GC(4)   Other: 16.7ms
[2023-11-12T17:23:14.524+0100][gc,heap     ] GC(4) Eden regions: 15->0(49)
[2023-11-12T17:23:14.524+0100][gc,heap     ] GC(4) Survivor regions: 6->2(7)
[2023-11-12T17:23:14.524+0100][gc,heap     ] GC(4) Old regions: 8->14
[2023-11-12T17:23:14.524+0100][gc,heap     ] GC(4) Archive regions: 2->2
[2023-11-12T17:23:14.524+0100][gc,heap     ] GC(4) Humongous regions: 129->129
[2023-11-12T17:23:14.524+0100][gc,metaspace] GC(4) Metaspace: 35582K(35968K)->35582K(35968K) NonClass: 31424K(31616K)->31424K(31616K) Class: 4157K(4352K)->4157K(4352K)
[2023-11-12T17:23:14.524+0100][gc          ] GC(4) Pause Young (Concurrent Start) (Metadata GC Threshold) 158M->144M(1024M) 34.684ms
[2023-11-12T17:23:14.524+0100][gc,cpu      ] GC(4) User=0.02s Sys=0.01s Real=0.04s
[2023-11-12T17:23:14.524+0100][gc          ] GC(5) Concurrent Mark Cycle
[2023-11-12T17:23:14.524+0100][gc,marking  ] GC(5) Concurrent Clear Claimed Marks
[2023-11-12T17:23:14.524+0100][gc,marking  ] GC(5) Concurrent Clear Claimed Marks 0.020ms
[2023-11-12T17:23:14.524+0100][gc,marking  ] GC(5) Concurrent Scan Root Regions
[2023-11-12T17:23:14.527+0100][gc,marking  ] GC(5) Concurrent Scan Root Regions 3.094ms
[2023-11-12T17:23:14.527+0100][gc,marking  ] GC(5) Concurrent Mark
[2023-11-12T17:23:14.527+0100][gc,marking  ] GC(5) Concurrent Mark From Roots
[2023-11-12T17:23:14.527+0100][gc,task     ] GC(5) Using 2 workers of 2 for marking
[2023-11-12T17:23:14.531+0100][gc,marking  ] GC(5) Concurrent Mark From Roots 3.621ms
[2023-11-12T17:23:14.545+0100][gc,marking  ] GC(5) Concurrent Preclean
[2023-11-12T17:23:14.545+0100][gc,marking  ] GC(5) Concurrent Preclean 0.089ms
[2023-11-12T17:23:14.545+0100][gc,start    ] GC(5) Pause Remark
[2023-11-12T17:23:14.546+0100][gc          ] GC(5) Pause Remark 145M->145M(1024M) 1.012ms
[2023-11-12T17:23:14.562+0100][gc,cpu      ] GC(5) User=0.01s Sys=0.00s Real=0.02s
[2023-11-12T17:23:14.562+0100][gc,marking  ] GC(5) Concurrent Mark 34.719ms
[2023-11-12T17:23:14.562+0100][gc,marking  ] GC(5) Concurrent Rebuild Remembered Sets
[2023-11-12T17:23:14.566+0100][gc,marking  ] GC(5) Concurrent Rebuild Remembered Sets 4.195ms
[2023-11-12T17:23:14.582+0100][gc,start    ] GC(5) Pause Cleanup
[2023-11-12T17:23:14.582+0100][gc          ] GC(5) Pause Cleanup 145M->145M(1024M) 0.112ms
[2023-11-12T17:23:14.582+0100][gc,cpu      ] GC(5) User=0.00s Sys=0.00s Real=0.00s
[2023-11-12T17:23:14.582+0100][gc,marking  ] GC(5) Concurrent Cleanup for Next Mark
[2023-11-12T17:23:14.584+0100][gc,marking  ] GC(5) Concurrent Cleanup for Next Mark 1.637ms
[2023-11-12T17:23:14.599+0100][gc          ] GC(5) Concurrent Mark Cycle 75.010ms
[2023-11-12T17:27:12.616+0100][gc,start    ] GC(6) Pause Young (Prepare Mixed) (G1 Evacuation Pause)
[2023-11-12T17:27:12.620+0100][gc,task     ] GC(6) Using 8 workers of 8 for evacuation
[2023-11-12T17:27:12.643+0100][gc,mmu      ] GC(6) MMU target violated: 20.4ms (20.0ms/21.0ms)
[2023-11-12T17:27:12.643+0100][gc,phases   ] GC(6)   Pre Evacuate Collection Set: 2.6ms
[2023-11-12T17:27:12.643+0100][gc,phases   ] GC(6)   Merge Heap Roots: 0.2ms
[2023-11-12T17:27:12.643+0100][gc,phases   ] GC(6)   Evacuate Collection Set: 19.2ms
[2023-11-12T17:27:12.643+0100][gc,phases   ] GC(6)   Post Evacuate Collection Set: 0.7ms
[2023-11-12T17:27:12.643+0100][gc,phases   ] GC(6)   Other: 3.9ms
[2023-11-12T17:27:12.643+0100][gc,heap     ] GC(6) Eden regions: 49->0(46)
[2023-11-12T17:27:12.643+0100][gc,heap     ] GC(6) Survivor regions: 2->5(7)
[2023-11-12T17:27:12.643+0100][gc,heap     ] GC(6) Old regions: 14->14
[2023-11-12T17:27:12.643+0100][gc,heap     ] GC(6) Archive regions: 2->2
[2023-11-12T17:27:12.643+0100][gc,heap     ] GC(6) Humongous regions: 129->129
[2023-11-12T17:27:12.643+0100][gc,metaspace] GC(6) Metaspace: 40458K(41024K)->40458K(41024K) NonClass: 35578K(35904K)->35578K(35904K) Class: 4879K(5120K)->4879K(5120K)
[2023-11-12T17:27:12.643+0100][gc          ] GC(6) Pause Young (Prepare Mixed) (G1 Evacuation Pause) 193M->147M(1024M) 26.639ms
[2023-11-12T17:27:12.643+0100][gc,cpu      ] GC(6) User=0.02s Sys=0.05s Real=0.03s
[2023-11-12T17:41:58.836+0100][gc,start    ] GC(7) Pause Young (Mixed) (G1 Evacuation Pause)
[2023-11-12T17:41:58.838+0100][gc,task     ] GC(7) Using 8 workers of 8 for evacuation
[2023-11-12T17:41:58.913+0100][gc,mmu      ] GC(7) MMU target violated: 21.0ms (20.0ms/21.0ms)
[2023-11-12T17:41:58.914+0100][gc,phases   ] GC(7)   Pre Evacuate Collection Set: 8.4ms
[2023-11-12T17:41:58.914+0100][gc,phases   ] GC(7)   Merge Heap Roots: 1.8ms
[2023-11-12T17:41:58.914+0100][gc,phases   ] GC(7)   Evacuate Collection Set: 64.6ms
[2023-11-12T17:41:58.914+0100][gc,phases   ] GC(7)   Post Evacuate Collection Set: 0.6ms
[2023-11-12T17:41:58.914+0100][gc,phases   ] GC(7)   Other: 3.8ms
[2023-11-12T17:41:58.914+0100][gc,heap     ] GC(7) Eden regions: 46->0(49)
[2023-11-12T17:41:58.914+0100][gc,heap     ] GC(7) Survivor regions: 5->2(7)
[2023-11-12T17:41:58.914+0100][gc,heap     ] GC(7) Old regions: 14->17
[2023-11-12T17:41:58.914+0100][gc,heap     ] GC(7) Archive regions: 2->2
[2023-11-12T17:41:58.914+0100][gc,heap     ] GC(7) Humongous regions: 129->129
[2023-11-12T17:41:58.914+0100][gc,metaspace] GC(7) Metaspace: 41041K(41600K)->41041K(41600K) NonClass: 36090K(36416K)->36090K(36416K) Class: 4950K(5184K)->4950K(5184K)
[2023-11-12T17:41:58.914+0100][gc          ] GC(7) Pause Young (Mixed) (G1 Evacuation Pause) 193M->148M(1024M) 77.697ms
[2023-11-12T17:41:58.914+0100][gc,cpu      ] GC(7) User=0.04s Sys=0.10s Real=0.08s
