[2023-10-11T15:35:27.672+0200][gc] Using G1
[2023-10-11T15:35:27.673+0200][gc,init] Version: 17.0.6+9-LTS-190 (release)
[2023-10-11T15:35:27.673+0200][gc,init] CPUs: 8 total, 8 available
[2023-10-11T15:35:27.673+0200][gc,init] Memory: 8192M
[2023-10-11T15:35:27.673+0200][gc,init] Large Page Support: Disabled
[2023-10-11T15:35:27.673+0200][gc,init] NUMA Support: Disabled
[2023-10-11T15:35:27.673+0200][gc,init] Compressed Oops: Enabled (Zero based)
[2023-10-11T15:35:27.673+0200][gc,init] Heap Region Size: 1M
[2023-10-11T15:35:27.673+0200][gc,init] Heap Min Capacity: 512M
[2023-10-11T15:35:27.673+0200][gc,init] Heap Initial Capacity: 512M
[2023-10-11T15:35:27.673+0200][gc,init] Heap Max Capacity: 512M
[2023-10-11T15:35:27.673+0200][gc,init] Pre-touch: Disabled
[2023-10-11T15:35:27.673+0200][gc,init] Parallel Workers: 8
[2023-10-11T15:35:27.673+0200][gc,init] Concurrent Workers: 2
[2023-10-11T15:35:27.673+0200][gc,init] Concurrent Refinement Workers: 8
[2023-10-11T15:35:27.673+0200][gc,init] Periodic GC: Disabled
[2023-10-11T15:35:27.673+0200][gc,metaspace] CDS archive(s) mapped at: [0x0000000800000000-0x0000000800bd8000-0x0000000800bd8000), size 12419072, SharedBaseAddress: 0x0000000800000000, ArchiveRelocationMode: 0.
[2023-10-11T15:35:27.673+0200][gc,metaspace] Compressed class space mapped at: 0x0000000800c00000-0x0000000840c00000, reserved size: 1073741824
[2023-10-11T15:35:27.673+0200][gc,metaspace] Narrow klass base: 0x0000000800000000, Narrow klass shift: 0, Narrow klass range: 0x100000000
[2023-10-11T15:35:38.224+0200][gc,start    ] GC(0) Pause Young (Normal) (G1 Evacuation Pause)
[2023-10-11T15:35:38.224+0200][gc,task     ] GC(0) Using 8 workers of 8 for evacuation
[2023-10-11T15:35:38.228+0200][gc,phases   ] GC(0)   Pre Evacuate Collection Set: 0.1ms
[2023-10-11T15:35:38.228+0200][gc,phases   ] GC(0)   Merge Heap Roots: 0.0ms
[2023-10-11T15:35:38.228+0200][gc,phases   ] GC(0)   Evacuate Collection Set: 3.8ms
[2023-10-11T15:35:38.228+0200][gc,phases   ] GC(0)   Post Evacuate Collection Set: 0.2ms
[2023-10-11T15:35:38.228+0200][gc,phases   ] GC(0)   Other: 0.4ms
[2023-10-11T15:35:38.228+0200][gc,heap     ] GC(0) Eden regions: 25->0(21)
[2023-10-11T15:35:38.228+0200][gc,heap     ] GC(0) Survivor regions: 0->4(4)
[2023-10-11T15:35:38.228+0200][gc,heap     ] GC(0) Old regions: 0->4
[2023-10-11T15:35:38.228+0200][gc,heap     ] GC(0) Archive regions: 2->2
[2023-10-11T15:35:38.228+0200][gc,heap     ] GC(0) Humongous regions: 0->0
[2023-10-11T15:35:38.228+0200][gc,metaspace] GC(0) Metaspace: 7801K(8000K)->7801K(8000K) NonClass: 6915K(7040K)->6915K(7040K) Class: 885K(960K)->885K(960K)
[2023-10-11T15:35:38.228+0200][gc          ] GC(0) Pause Young (Normal) (G1 Evacuation Pause) 25M->8M(512M) 4.620ms
[2023-10-11T15:35:38.228+0200][gc,cpu      ] GC(0) User=0.01s Sys=0.02s Real=0.00s
[2023-10-11T20:13:43.408+0200][gc,start    ] GC(1) Pause Young (Normal) (G1 Evacuation Pause)
[2023-10-11T20:13:43.412+0200][gc,task     ] GC(1) Using 8 workers of 8 for evacuation
[2023-10-11T20:13:43.514+0200][gc,mmu      ] GC(1) MMU target violated: 21.0ms (20.0ms/21.0ms)
[2023-10-11T20:13:43.514+0200][gc,phases   ] GC(1)   Pre Evacuate Collection Set: 1.8ms
[2023-10-11T20:13:43.514+0200][gc,phases   ] GC(1)   Merge Heap Roots: 0.8ms
[2023-10-11T20:13:43.514+0200][gc,phases   ] GC(1)   Evacuate Collection Set: 97.6ms
[2023-10-11T20:13:43.514+0200][gc,phases   ] GC(1)   Post Evacuate Collection Set: 0.5ms
[2023-10-11T20:13:43.514+0200][gc,phases   ] GC(1)   Other: 7.1ms
[2023-10-11T20:13:43.514+0200][gc,heap     ] GC(1) Eden regions: 21->0(24)
[2023-10-11T20:13:43.514+0200][gc,heap     ] GC(1) Survivor regions: 4->1(4)
[2023-10-11T20:13:43.514+0200][gc,heap     ] GC(1) Old regions: 4->8
[2023-10-11T20:13:43.514+0200][gc,heap     ] GC(1) Archive regions: 2->2
[2023-10-11T20:13:43.514+0200][gc,heap     ] GC(1) Humongous regions: 0->0
[2023-10-11T20:13:43.514+0200][gc,metaspace] GC(1) Metaspace: 8538K(8768K)->8538K(8768K) NonClass: 7629K(7744K)->7629K(7744K) Class: 909K(1024K)->909K(1024K)
[2023-10-11T20:13:43.514+0200][gc          ] GC(1) Pause Young (Normal) (G1 Evacuation Pause) 29M->8M(512M) 106.158ms
[2023-10-11T20:13:43.514+0200][gc,cpu      ] GC(1) User=0.04s Sys=0.09s Real=0.11s
[2023-10-12T04:47:41.091+0200][gc,start    ] GC(2) Pause Young (Normal) (G1 Evacuation Pause)
[2023-10-12T04:47:41.092+0200][gc,task     ] GC(2) Using 8 workers of 8 for evacuation
[2023-10-12T04:47:41.113+0200][gc,phases   ] GC(2)   Pre Evacuate Collection Set: 3.9ms
[2023-10-12T04:47:41.113+0200][gc,phases   ] GC(2)   Merge Heap Roots: 0.1ms
[2023-10-12T04:47:41.113+0200][gc,phases   ] GC(2)   Evacuate Collection Set: 14.7ms
[2023-10-12T04:47:41.113+0200][gc,phases   ] GC(2)   Post Evacuate Collection Set: 1.8ms
[2023-10-12T04:47:41.113+0200][gc,phases   ] GC(2)   Other: 2.0ms
[2023-10-12T04:47:41.113+0200][gc,heap     ] GC(2) Eden regions: 24->0(24)
[2023-10-12T04:47:41.113+0200][gc,heap     ] GC(2) Survivor regions: 1->1(4)
[2023-10-12T04:47:41.113+0200][gc,heap     ] GC(2) Old regions: 8->8
[2023-10-12T04:47:41.113+0200][gc,heap     ] GC(2) Archive regions: 2->2
[2023-10-12T04:47:41.113+0200][gc,heap     ] GC(2) Humongous regions: 0->0
[2023-10-12T04:47:41.113+0200][gc,metaspace] GC(2) Metaspace: 8545K(8768K)->8545K(8768K) NonClass: 7636K(7744K)->7636K(7744K) Class: 909K(1024K)->909K(1024K)
[2023-10-12T04:47:41.114+0200][gc          ] GC(2) Pause Young (Normal) (G1 Evacuation Pause) 32M->8M(512M) 22.647ms
[2023-10-12T04:47:41.114+0200][gc,cpu      ] GC(2) User=0.01s Sys=0.02s Real=0.02s
[2023-10-12T09:52:12.826+0200][gc,heap,exit] Heap
[2023-10-12T09:52:12.827+0200][gc,heap,exit]  garbage-first heap   total 524288K, used 23243K [0x00000007e0000000, 0x0000000800000000)
[2023-10-12T09:52:12.827+0200][gc,heap,exit]   region size 1024K, 16 young (16384K), 1 survivors (1024K)
[2023-10-12T09:52:12.827+0200][gc,heap,exit]  Metaspace       used 8561K, committed 8768K, reserved 1064960K
[2023-10-12T09:52:12.827+0200][gc,heap,exit]   class space    used 910K, committed 1024K, reserved 1048576K
