[2023-08-14T13:35:39.778+0200][gc] Using G1
[2023-08-14T13:35:39.779+0200][gc,init] Version: 17.0.6+9-LTS-190 (release)
[2023-08-14T13:35:39.779+0200][gc,init] CPUs: 8 total, 8 available
[2023-08-14T13:35:39.779+0200][gc,init] Memory: 8192M
[2023-08-14T13:35:39.779+0200][gc,init] Large Page Support: Disabled
[2023-08-14T13:35:39.779+0200][gc,init] NUMA Support: Disabled
[2023-08-14T13:35:39.779+0200][gc,init] Compressed Oops: Enabled (Zero based)
[2023-08-14T13:35:39.779+0200][gc,init] Heap Region Size: 1M
[2023-08-14T13:35:39.779+0200][gc,init] Heap Min Capacity: 512M
[2023-08-14T13:35:39.779+0200][gc,init] Heap Initial Capacity: 512M
[2023-08-14T13:35:39.779+0200][gc,init] Heap Max Capacity: 512M
[2023-08-14T13:35:39.779+0200][gc,init] Pre-touch: Disabled
[2023-08-14T13:35:39.779+0200][gc,init] Parallel Workers: 8
[2023-08-14T13:35:39.779+0200][gc,init] Concurrent Workers: 2
[2023-08-14T13:35:39.779+0200][gc,init] Concurrent Refinement Workers: 8
[2023-08-14T13:35:39.779+0200][gc,init] Periodic GC: Disabled
[2023-08-14T13:35:39.779+0200][gc,metaspace] CDS archive(s) mapped at: [0x0000000800000000-0x0000000800bd8000-0x0000000800bd8000), size 12419072, SharedBaseAddress: 0x0000000800000000, ArchiveRelocationMode: 0.
[2023-08-14T13:35:39.779+0200][gc,metaspace] Compressed class space mapped at: 0x0000000800c00000-0x0000000840c00000, reserved size: 1073741824
[2023-08-14T13:35:39.779+0200][gc,metaspace] Narrow klass base: 0x0000000800000000, Narrow klass shift: 0, Narrow klass range: 0x100000000
[2023-08-14T13:36:15.332+0200][gc,start    ] GC(0) Pause Young (Normal) (G1 Evacuation Pause)
[2023-08-14T13:36:15.332+0200][gc,task     ] GC(0) Using 8 workers of 8 for evacuation
[2023-08-14T13:36:15.338+0200][gc,phases   ] GC(0)   Pre Evacuate Collection Set: 0.1ms
[2023-08-14T13:36:15.338+0200][gc,phases   ] GC(0)   Merge Heap Roots: 0.0ms
[2023-08-14T13:36:15.338+0200][gc,phases   ] GC(0)   Evacuate Collection Set: 5.4ms
[2023-08-14T13:36:15.338+0200][gc,phases   ] GC(0)   Post Evacuate Collection Set: 0.2ms
[2023-08-14T13:36:15.338+0200][gc,phases   ] GC(0)   Other: 0.7ms
[2023-08-14T13:36:15.338+0200][gc,heap     ] GC(0) Eden regions: 25->0(21)
[2023-08-14T13:36:15.338+0200][gc,heap     ] GC(0) Survivor regions: 0->4(4)
[2023-08-14T13:36:15.338+0200][gc,heap     ] GC(0) Old regions: 0->4
[2023-08-14T13:36:15.338+0200][gc,heap     ] GC(0) Archive regions: 2->2
[2023-08-14T13:36:15.338+0200][gc,heap     ] GC(0) Humongous regions: 0->0
[2023-08-14T13:36:15.338+0200][gc,metaspace] GC(0) Metaspace: 7806K(8000K)->7806K(8000K) NonClass: 6920K(7040K)->6920K(7040K) Class: 885K(960K)->885K(960K)
[2023-08-14T13:36:15.338+0200][gc          ] GC(0) Pause Young (Normal) (G1 Evacuation Pause) 25M->8M(512M) 6.503ms
[2023-08-14T13:36:15.338+0200][gc,cpu      ] GC(0) User=0.01s Sys=0.01s Real=0.00s
[2023-08-14T18:17:32.070+0200][gc,start    ] GC(1) Pause Young (Normal) (G1 Evacuation Pause)
[2023-08-14T18:17:32.074+0200][gc,task     ] GC(1) Using 8 workers of 8 for evacuation
[2023-08-14T18:17:32.132+0200][gc,mmu      ] GC(1) MMU target violated: 21.0ms (20.0ms/21.0ms)
[2023-08-14T18:17:32.132+0200][gc,phases   ] GC(1)   Pre Evacuate Collection Set: 4.1ms
[2023-08-14T18:17:32.132+0200][gc,phases   ] GC(1)   Merge Heap Roots: 1.6ms
[2023-08-14T18:17:32.132+0200][gc,phases   ] GC(1)   Evacuate Collection Set: 49.1ms
[2023-08-14T18:17:32.132+0200][gc,phases   ] GC(1)   Post Evacuate Collection Set: 1.7ms
[2023-08-14T18:17:32.132+0200][gc,phases   ] GC(1)   Other: 8.0ms
[2023-08-14T18:17:32.132+0200][gc,heap     ] GC(1) Eden regions: 21->0(24)
[2023-08-14T18:17:32.132+0200][gc,heap     ] GC(1) Survivor regions: 4->1(4)
[2023-08-14T18:17:32.132+0200][gc,heap     ] GC(1) Old regions: 4->8
[2023-08-14T18:17:32.132+0200][gc,heap     ] GC(1) Archive regions: 2->2
[2023-08-14T18:17:32.132+0200][gc,heap     ] GC(1) Humongous regions: 0->0
[2023-08-14T18:17:32.132+0200][gc,metaspace] GC(1) Metaspace: 8538K(8768K)->8538K(8768K) NonClass: 7628K(7744K)->7628K(7744K) Class: 910K(1024K)->910K(1024K)
[2023-08-14T18:17:32.132+0200][gc          ] GC(1) Pause Young (Normal) (G1 Evacuation Pause) 29M->8M(512M) 62.266ms
[2023-08-14T18:17:32.132+0200][gc,cpu      ] GC(1) User=0.01s Sys=0.04s Real=0.06s
[2023-08-15T18:46:57.763+0200][gc,start    ] GC(2) Pause Young (Normal) (G1 Evacuation Pause)
[2023-08-15T18:46:57.765+0200][gc,task     ] GC(2) Using 8 workers of 8 for evacuation
[2023-08-15T18:46:57.866+0200][gc,mmu      ] GC(2) MMU target violated: 21.0ms (20.0ms/21.0ms)
[2023-08-15T18:46:57.866+0200][gc,phases   ] GC(2)   Pre Evacuate Collection Set: 3.0ms
[2023-08-15T18:46:57.866+0200][gc,phases   ] GC(2)   Merge Heap Roots: 0.7ms
[2023-08-15T18:46:57.866+0200][gc,phases   ] GC(2)   Evacuate Collection Set: 93.0ms
[2023-08-15T18:46:57.866+0200][gc,phases   ] GC(2)   Post Evacuate Collection Set: 2.1ms
[2023-08-15T18:46:57.866+0200][gc,phases   ] GC(2)   Other: 5.6ms
[2023-08-15T18:46:57.866+0200][gc,heap     ] GC(2) Eden regions: 24->0(24)
[2023-08-15T18:46:57.866+0200][gc,heap     ] GC(2) Survivor regions: 1->1(4)
[2023-08-15T18:46:57.866+0200][gc,heap     ] GC(2) Old regions: 8->8
[2023-08-15T18:46:57.866+0200][gc,heap     ] GC(2) Archive regions: 2->2
[2023-08-15T18:46:57.866+0200][gc,heap     ] GC(2) Humongous regions: 0->0
[2023-08-15T18:46:57.866+0200][gc,metaspace] GC(2) Metaspace: 8590K(8768K)->8590K(8768K) NonClass: 7679K(7744K)->7679K(7744K) Class: 910K(1024K)->910K(1024K)
[2023-08-15T18:46:57.866+0200][gc          ] GC(2) Pause Young (Normal) (G1 Evacuation Pause) 32M->8M(512M) 102.911ms
[2023-08-15T18:46:57.866+0200][gc,cpu      ] GC(2) User=0.04s Sys=0.05s Real=0.10s
[2023-08-16T11:31:18.028+0200][gc,start    ] GC(3) Pause Young (Normal) (G1 Evacuation Pause)
[2023-08-16T11:31:18.031+0200][gc,task     ] GC(3) Using 8 workers of 8 for evacuation
[2023-08-16T11:31:18.105+0200][gc,mmu      ] GC(3) MMU target violated: 21.0ms (20.0ms/21.0ms)
[2023-08-16T11:31:18.105+0200][gc,phases   ] GC(3)   Pre Evacuate Collection Set: 11.0ms
[2023-08-16T11:31:18.105+0200][gc,phases   ] GC(3)   Merge Heap Roots: 0.1ms
[2023-08-16T11:31:18.105+0200][gc,phases   ] GC(3)   Evacuate Collection Set: 59.7ms
[2023-08-16T11:31:18.105+0200][gc,phases   ] GC(3)   Post Evacuate Collection Set: 2.1ms
[2023-08-16T11:31:18.105+0200][gc,phases   ] GC(3)   Other: 5.2ms
[2023-08-16T11:31:18.105+0200][gc,heap     ] GC(3) Eden regions: 24->0(24)
[2023-08-16T11:31:18.105+0200][gc,heap     ] GC(3) Survivor regions: 1->1(4)
[2023-08-16T11:31:18.105+0200][gc,heap     ] GC(3) Old regions: 8->8
[2023-08-16T11:31:18.105+0200][gc,heap     ] GC(3) Archive regions: 2->2
[2023-08-16T11:31:18.105+0200][gc,heap     ] GC(3) Humongous regions: 0->0
[2023-08-16T11:31:18.105+0200][gc,metaspace] GC(3) Metaspace: 8597K(8768K)->8597K(8768K) NonClass: 7686K(7744K)->7686K(7744K) Class: 910K(1024K)->910K(1024K)
[2023-08-16T11:31:18.105+0200][gc          ] GC(3) Pause Young (Normal) (G1 Evacuation Pause) 32M->8M(512M) 77.541ms
[2023-08-16T11:31:18.105+0200][gc,cpu      ] GC(3) User=0.03s Sys=0.05s Real=0.08s
[2023-08-16T20:07:18.079+0200][gc,start    ] GC(4) Pause Young (Normal) (G1 Evacuation Pause)
[2023-08-16T20:07:18.084+0200][gc,task     ] GC(4) Using 8 workers of 8 for evacuation
[2023-08-16T20:07:18.145+0200][gc,mmu      ] GC(4) MMU target violated: 21.0ms (20.0ms/21.0ms)
[2023-08-16T20:07:18.145+0200][gc,phases   ] GC(4)   Pre Evacuate Collection Set: 7.7ms
[2023-08-16T20:07:18.145+0200][gc,phases   ] GC(4)   Merge Heap Roots: 0.6ms
[2023-08-16T20:07:18.145+0200][gc,phases   ] GC(4)   Evacuate Collection Set: 48.2ms
[2023-08-16T20:07:18.145+0200][gc,phases   ] GC(4)   Post Evacuate Collection Set: 2.1ms
[2023-08-16T20:07:18.145+0200][gc,phases   ] GC(4)   Other: 8.5ms
[2023-08-16T20:07:18.145+0200][gc,heap     ] GC(4) Eden regions: 24->0(24)
[2023-08-16T20:07:18.145+0200][gc,heap     ] GC(4) Survivor regions: 1->1(4)
[2023-08-16T20:07:18.145+0200][gc,heap     ] GC(4) Old regions: 8->8
[2023-08-16T20:07:18.145+0200][gc,heap     ] GC(4) Archive regions: 2->2
[2023-08-16T20:07:18.145+0200][gc,heap     ] GC(4) Humongous regions: 0->0
[2023-08-16T20:07:18.145+0200][gc,metaspace] GC(4) Metaspace: 8611K(8832K)->8611K(8832K) NonClass: 7700K(7808K)->7700K(7808K) Class: 910K(1024K)->910K(1024K)
[2023-08-16T20:07:18.146+0200][gc          ] GC(4) Pause Young (Normal) (G1 Evacuation Pause) 32M->8M(512M) 66.682ms
[2023-08-16T20:07:18.146+0200][gc,cpu      ] GC(4) User=0.01s Sys=0.03s Real=0.07s
[2023-08-17T14:37:58.205+0200][gc,start    ] GC(5) Pause Young (Normal) (G1 Evacuation Pause)
[2023-08-17T14:37:58.210+0200][gc,task     ] GC(5) Using 8 workers of 8 for evacuation
[2023-08-17T14:37:58.272+0200][gc,mmu      ] GC(5) MMU target violated: 21.0ms (20.0ms/21.0ms)
[2023-08-17T14:37:58.272+0200][gc,phases   ] GC(5)   Pre Evacuate Collection Set: 4.9ms
[2023-08-17T14:37:58.272+0200][gc,phases   ] GC(5)   Merge Heap Roots: 0.7ms
[2023-08-17T14:37:58.272+0200][gc,phases   ] GC(5)   Evacuate Collection Set: 53.1ms
[2023-08-17T14:37:58.272+0200][gc,phases   ] GC(5)   Post Evacuate Collection Set: 2.2ms
[2023-08-17T14:37:58.272+0200][gc,phases   ] GC(5)   Other: 6.9ms
[2023-08-17T14:37:58.272+0200][gc,heap     ] GC(5) Eden regions: 24->0(24)
[2023-08-17T14:37:58.272+0200][gc,heap     ] GC(5) Survivor regions: 1->1(4)
[2023-08-17T14:37:58.272+0200][gc,heap     ] GC(5) Old regions: 8->8
[2023-08-17T14:37:58.272+0200][gc,heap     ] GC(5) Archive regions: 2->2
[2023-08-17T14:37:58.272+0200][gc,heap     ] GC(5) Humongous regions: 0->0
[2023-08-17T14:37:58.272+0200][gc,metaspace] GC(5) Metaspace: 8791K(9024K)->8791K(9024K) NonClass: 7870K(8000K)->7870K(8000K) Class: 920K(1024K)->920K(1024K)
[2023-08-17T14:37:58.272+0200][gc          ] GC(5) Pause Young (Normal) (G1 Evacuation Pause) 32M->8M(512M) 67.208ms
[2023-08-17T14:37:58.272+0200][gc,cpu      ] GC(5) User=0.02s Sys=0.05s Real=0.07s
[2023-08-17T23:50:21.021+0200][gc,start    ] GC(6) Pause Young (Normal) (G1 Evacuation Pause)
[2023-08-17T23:50:21.025+0200][gc,task     ] GC(6) Using 8 workers of 8 for evacuation
[2023-08-17T23:50:21.178+0200][gc,mmu      ] GC(6) MMU target violated: 21.0ms (20.0ms/21.0ms)
[2023-08-17T23:50:21.178+0200][gc,phases   ] GC(6)   Pre Evacuate Collection Set: 20.0ms
[2023-08-17T23:50:21.178+0200][gc,phases   ] GC(6)   Merge Heap Roots: 1.6ms
[2023-08-17T23:50:21.178+0200][gc,phases   ] GC(6)   Evacuate Collection Set: 121.3ms
[2023-08-17T23:50:21.178+0200][gc,phases   ] GC(6)   Post Evacuate Collection Set: 6.1ms
[2023-08-17T23:50:21.178+0200][gc,phases   ] GC(6)   Other: 11.1ms
[2023-08-17T23:50:21.178+0200][gc,heap     ] GC(6) Eden regions: 24->0(24)
[2023-08-17T23:50:21.178+0200][gc,heap     ] GC(6) Survivor regions: 1->1(4)
[2023-08-17T23:50:21.178+0200][gc,heap     ] GC(6) Old regions: 8->8
[2023-08-17T23:50:21.178+0200][gc,heap     ] GC(6) Archive regions: 2->2
[2023-08-17T23:50:21.178+0200][gc,heap     ] GC(6) Humongous regions: 0->0
[2023-08-17T23:50:21.179+0200][gc,metaspace] GC(6) Metaspace: 8792K(9024K)->8792K(9024K) NonClass: 7871K(8000K)->7871K(8000K) Class: 920K(1024K)->920K(1024K)
[2023-08-17T23:50:21.179+0200][gc          ] GC(6) Pause Young (Normal) (G1 Evacuation Pause) 32M->8M(512M) 159.474ms
[2023-08-17T23:50:21.179+0200][gc,cpu      ] GC(6) User=0.05s Sys=0.04s Real=0.15s
[2023-08-18T17:03:48.611+0200][gc,start    ] GC(7) Pause Young (Normal) (G1 Evacuation Pause)
[2023-08-18T17:03:48.612+0200][gc,task     ] GC(7) Using 8 workers of 8 for evacuation
[2023-08-18T17:03:48.657+0200][gc,mmu      ] GC(7) MMU target violated: 21.0ms (20.0ms/21.0ms)
[2023-08-18T17:03:48.657+0200][gc,phases   ] GC(7)   Pre Evacuate Collection Set: 2.6ms
[2023-08-18T17:03:48.657+0200][gc,phases   ] GC(7)   Merge Heap Roots: 0.1ms
[2023-08-18T17:03:48.657+0200][gc,phases   ] GC(7)   Evacuate Collection Set: 40.2ms
[2023-08-18T17:03:48.657+0200][gc,phases   ] GC(7)   Post Evacuate Collection Set: 0.7ms
[2023-08-18T17:03:48.657+0200][gc,phases   ] GC(7)   Other: 2.4ms
[2023-08-18T17:03:48.657+0200][gc,heap     ] GC(7) Eden regions: 24->0(24)
[2023-08-18T17:03:48.657+0200][gc,heap     ] GC(7) Survivor regions: 1->1(4)
[2023-08-18T17:03:48.657+0200][gc,heap     ] GC(7) Old regions: 8->8
[2023-08-18T17:03:48.657+0200][gc,heap     ] GC(7) Archive regions: 2->2
[2023-08-18T17:03:48.657+0200][gc,heap     ] GC(7) Humongous regions: 0->0
[2023-08-18T17:03:48.657+0200][gc,metaspace] GC(7) Metaspace: 8792K(9024K)->8792K(9024K) NonClass: 7871K(8000K)->7871K(8000K) Class: 920K(1024K)->920K(1024K)
[2023-08-18T17:03:48.657+0200][gc          ] GC(7) Pause Young (Normal) (G1 Evacuation Pause) 32M->8M(512M) 46.419ms
[2023-08-18T17:03:48.657+0200][gc,cpu      ] GC(7) User=0.04s Sys=0.02s Real=0.04s
[2023-08-20T00:02:38.881+0200][gc,start    ] GC(8) Pause Young (Normal) (G1 Evacuation Pause)
[2023-08-20T00:02:38.882+0200][gc,task     ] GC(8) Using 8 workers of 8 for evacuation
[2023-08-20T00:02:38.915+0200][gc,mmu      ] GC(8) MMU target violated: 21.0ms (20.0ms/21.0ms)
[2023-08-20T00:02:38.915+0200][gc,phases   ] GC(8)   Pre Evacuate Collection Set: 5.1ms
[2023-08-20T00:02:38.915+0200][gc,phases   ] GC(8)   Merge Heap Roots: 0.8ms
[2023-08-20T00:02:38.915+0200][gc,phases   ] GC(8)   Evacuate Collection Set: 24.6ms
[2023-08-20T00:02:38.915+0200][gc,phases   ] GC(8)   Post Evacuate Collection Set: 1.3ms
[2023-08-20T00:02:38.916+0200][gc,phases   ] GC(8)   Other: 4.4ms
[2023-08-20T00:02:38.916+0200][gc,heap     ] GC(8) Eden regions: 24->0(24)
[2023-08-20T00:02:38.916+0200][gc,heap     ] GC(8) Survivor regions: 1->1(4)
[2023-08-20T00:02:38.916+0200][gc,heap     ] GC(8) Old regions: 8->8
[2023-08-20T00:02:38.916+0200][gc,heap     ] GC(8) Archive regions: 2->2
[2023-08-20T00:02:38.916+0200][gc,heap     ] GC(8) Humongous regions: 0->0
[2023-08-20T00:02:38.916+0200][gc,metaspace] GC(8) Metaspace: 8794K(9024K)->8794K(9024K) NonClass: 7874K(8000K)->7874K(8000K) Class: 920K(1024K)->920K(1024K)
[2023-08-20T00:02:38.916+0200][gc          ] GC(8) Pause Young (Normal) (G1 Evacuation Pause) 32M->8M(512M) 35.811ms
[2023-08-20T00:02:38.916+0200][gc,cpu      ] GC(8) User=0.01s Sys=0.04s Real=0.03s
[2023-08-20T23:36:44.729+0200][gc,heap,exit] Heap
[2023-08-20T23:36:44.730+0200][gc,heap,exit]  garbage-first heap   total 524288K, used 24424K [0x00000007e0000000, 0x0000000800000000)
[2023-08-20T23:36:44.730+0200][gc,heap,exit]   region size 1024K, 17 young (17408K), 1 survivors (1024K)
[2023-08-20T23:36:44.730+0200][gc,heap,exit]  Metaspace       used 8799K, committed 9024K, reserved 1064960K
[2023-08-20T23:36:44.730+0200][gc,heap,exit]   class space    used 921K, committed 1024K, reserved 1048576K
