[2023-11-12T17:18:47.799+0100][gc] Using G1
[2023-11-12T17:18:47.800+0100][gc,init] Version: 17.0.6+9-LTS-190 (release)
[2023-11-12T17:18:47.800+0100][gc,init] CPUs: 8 total, 8 available
[2023-11-12T17:18:47.800+0100][gc,init] Memory: 8192M
[2023-11-12T17:18:47.800+0100][gc,init] Large Page Support: Disabled
[2023-11-12T17:18:47.800+0100][gc,init] NUMA Support: Disabled
[2023-11-12T17:18:47.800+0100][gc,init] Compressed Oops: Enabled (Zero based)
[2023-11-12T17:18:47.800+0100][gc,init] Heap Region Size: 1M
[2023-11-12T17:18:47.800+0100][gc,init] Heap Min Capacity: 512M
[2023-11-12T17:18:47.800+0100][gc,init] Heap Initial Capacity: 512M
[2023-11-12T17:18:47.800+0100][gc,init] Heap Max Capacity: 512M
[2023-11-12T17:18:47.800+0100][gc,init] Pre-touch: Disabled
[2023-11-12T17:18:47.800+0100][gc,init] Parallel Workers: 8
[2023-11-12T17:18:47.800+0100][gc,init] Concurrent Workers: 2
[2023-11-12T17:18:47.800+0100][gc,init] Concurrent Refinement Workers: 8
[2023-11-12T17:18:47.800+0100][gc,init] Periodic GC: Disabled
[2023-11-12T17:18:47.800+0100][gc,metaspace] CDS archive(s) mapped at: [0x0000000800000000-0x0000000800bd8000-0x0000000800bd8000), size 12419072, SharedBaseAddress: 0x0000000800000000, ArchiveRelocationMode: 0.
[2023-11-12T17:18:47.800+0100][gc,metaspace] Compressed class space mapped at: 0x0000000800c00000-0x0000000840c00000, reserved size: 1073741824
[2023-11-12T17:18:47.800+0100][gc,metaspace] Narrow klass base: 0x0000000800000000, Narrow klass shift: 0, Narrow klass range: 0x100000000
[2023-11-12T17:23:12.440+0100][gc,start    ] GC(0) Pause Young (Normal) (G1 Evacuation Pause)
[2023-11-12T17:23:12.440+0100][gc,task     ] GC(0) Using 8 workers of 8 for evacuation
[2023-11-12T17:23:12.445+0100][gc,phases   ] GC(0)   Pre Evacuate Collection Set: 0.1ms
[2023-11-12T17:23:12.445+0100][gc,phases   ] GC(0)   Merge Heap Roots: 0.0ms
[2023-11-12T17:23:12.445+0100][gc,phases   ] GC(0)   Evacuate Collection Set: 4.8ms
[2023-11-12T17:23:12.445+0100][gc,phases   ] GC(0)   Post Evacuate Collection Set: 0.2ms
[2023-11-12T17:23:12.445+0100][gc,phases   ] GC(0)   Other: 0.4ms
[2023-11-12T17:23:12.445+0100][gc,heap     ] GC(0) Eden regions: 25->0(21)
[2023-11-12T17:23:12.445+0100][gc,heap     ] GC(0) Survivor regions: 0->4(4)
[2023-11-12T17:23:12.445+0100][gc,heap     ] GC(0) Old regions: 0->4
[2023-11-12T17:23:12.445+0100][gc,heap     ] GC(0) Archive regions: 2->2
[2023-11-12T17:23:12.445+0100][gc,heap     ] GC(0) Humongous regions: 0->0
[2023-11-12T17:23:12.445+0100][gc,metaspace] GC(0) Metaspace: 7794K(8000K)->7794K(8000K) NonClass: 6909K(7040K)->6909K(7040K) Class: 885K(960K)->885K(960K)
[2023-11-12T17:23:12.445+0100][gc          ] GC(0) Pause Young (Normal) (G1 Evacuation Pause) 25M->8M(512M) 5.663ms
[2023-11-12T17:23:12.445+0100][gc,cpu      ] GC(0) User=0.01s Sys=0.01s Real=0.00s
