[2023-10-11T01:17:38.287+0200][gc] Using G1
[2023-10-11T01:17:38.288+0200][gc,init] Version: 17.0.6+9-LTS-190 (release)
[2023-10-11T01:17:38.288+0200][gc,init] CPUs: 8 total, 8 available
[2023-10-11T01:17:38.288+0200][gc,init] Memory: 8192M
[2023-10-11T01:17:38.288+0200][gc,init] Large Page Support: Disabled
[2023-10-11T01:17:38.288+0200][gc,init] NUMA Support: Disabled
[2023-10-11T01:17:38.288+0200][gc,init] Compressed Oops: Enabled (Zero based)
[2023-10-11T01:17:38.288+0200][gc,init] Heap Region Size: 1M
[2023-10-11T01:17:38.288+0200][gc,init] Heap Min Capacity: 512M
[2023-10-11T01:17:38.288+0200][gc,init] Heap Initial Capacity: 512M
[2023-10-11T01:17:38.288+0200][gc,init] Heap Max Capacity: 512M
[2023-10-11T01:17:38.288+0200][gc,init] Pre-touch: Disabled
[2023-10-11T01:17:38.288+0200][gc,init] Parallel Workers: 8
[2023-10-11T01:17:38.288+0200][gc,init] Concurrent Workers: 2
[2023-10-11T01:17:38.288+0200][gc,init] Concurrent Refinement Workers: 8
[2023-10-11T01:17:38.288+0200][gc,init] Periodic GC: Disabled
[2023-10-11T01:17:38.288+0200][gc,metaspace] CDS archive(s) mapped at: [0x0000000800000000-0x0000000800bd8000-0x0000000800bd8000), size 12419072, SharedBaseAddress: 0x0000000800000000, ArchiveRelocationMode: 0.
[2023-10-11T01:17:38.288+0200][gc,metaspace] Compressed class space mapped at: 0x0000000800c00000-0x0000000840c00000, reserved size: 1073741824
[2023-10-11T01:17:38.288+0200][gc,metaspace] Narrow klass base: 0x0000000800000000, Narrow klass shift: 0, Narrow klass range: 0x100000000
[2023-10-11T01:18:54.176+0200][gc,heap,exit] Heap
[2023-10-11T01:18:54.176+0200][gc,heap,exit]  garbage-first heap   total 524288K, used 25058K [0x00000007e0000000, 0x0000000800000000)
[2023-10-11T01:18:54.176+0200][gc,heap,exit]   region size 1024K, 24 young (24576K), 0 survivors (0K)
[2023-10-11T01:18:54.176+0200][gc,heap,exit]  Metaspace       used 7426K, committed 7616K, reserved 1056768K
[2023-10-11T01:18:54.176+0200][gc,heap,exit]   class space    used 841K, committed 960K, reserved 1048576K
