[2023-10-11T01:19:08.130+0200][gc] Using G1
[2023-10-11T01:19:08.131+0200][gc,init] Version: 17.0.6+9-LTS-190 (release)
[2023-10-11T01:19:08.131+0200][gc,init] CPUs: 8 total, 8 available
[2023-10-11T01:19:08.131+0200][gc,init] Memory: 8192M
[2023-10-11T01:19:08.131+0200][gc,init] Large Page Support: Disabled
[2023-10-11T01:19:08.131+0200][gc,init] NUMA Support: Disabled
[2023-10-11T01:19:08.131+0200][gc,init] Compressed Oops: Enabled (Zero based)
[2023-10-11T01:19:08.131+0200][gc,init] Heap Region Size: 1M
[2023-10-11T01:19:08.131+0200][gc,init] Heap Min Capacity: 512M
[2023-10-11T01:19:08.131+0200][gc,init] Heap Initial Capacity: 512M
[2023-10-11T01:19:08.131+0200][gc,init] Heap Max Capacity: 512M
[2023-10-11T01:19:08.131+0200][gc,init] Pre-touch: Disabled
[2023-10-11T01:19:08.131+0200][gc,init] Parallel Workers: 8
[2023-10-11T01:19:08.131+0200][gc,init] Concurrent Workers: 2
[2023-10-11T01:19:08.131+0200][gc,init] Concurrent Refinement Workers: 8
[2023-10-11T01:19:08.131+0200][gc,init] Periodic GC: Disabled
[2023-10-11T01:19:08.131+0200][gc,metaspace] CDS archive(s) mapped at: [0x0000000800000000-0x0000000800bd8000-0x0000000800bd8000), size 12419072, SharedBaseAddress: 0x0000000800000000, ArchiveRelocationMode: 0.
[2023-10-11T01:19:08.131+0200][gc,metaspace] Compressed class space mapped at: 0x0000000800c00000-0x0000000840c00000, reserved size: 1073741824
[2023-10-11T01:19:08.131+0200][gc,metaspace] Narrow klass base: 0x0000000800000000, Narrow klass shift: 0, Narrow klass range: 0x100000000
[2023-10-11T01:21:17.141+0200][gc,start    ] GC(0) Pause Young (Normal) (G1 Evacuation Pause)
[2023-10-11T01:21:17.141+0200][gc,task     ] GC(0) Using 8 workers of 8 for evacuation
[2023-10-11T01:21:17.150+0200][gc,phases   ] GC(0)   Pre Evacuate Collection Set: 0.1ms
[2023-10-11T01:21:17.150+0200][gc,phases   ] GC(0)   Merge Heap Roots: 0.0ms
[2023-10-11T01:21:17.150+0200][gc,phases   ] GC(0)   Evacuate Collection Set: 8.1ms
[2023-10-11T01:21:17.150+0200][gc,phases   ] GC(0)   Post Evacuate Collection Set: 0.2ms
[2023-10-11T01:21:17.150+0200][gc,phases   ] GC(0)   Other: 0.4ms
[2023-10-11T01:21:17.150+0200][gc,heap     ] GC(0) Eden regions: 25->0(21)
[2023-10-11T01:21:17.150+0200][gc,heap     ] GC(0) Survivor regions: 0->4(4)
[2023-10-11T01:21:17.150+0200][gc,heap     ] GC(0) Old regions: 0->4
[2023-10-11T01:21:17.150+0200][gc,heap     ] GC(0) Archive regions: 2->2
[2023-10-11T01:21:17.150+0200][gc,heap     ] GC(0) Humongous regions: 0->0
[2023-10-11T01:21:17.150+0200][gc,metaspace] GC(0) Metaspace: 7784K(8000K)->7784K(8000K) NonClass: 6899K(7040K)->6899K(7040K) Class: 884K(960K)->884K(960K)
[2023-10-11T01:21:17.150+0200][gc          ] GC(0) Pause Young (Normal) (G1 Evacuation Pause) 25M->8M(512M) 8.985ms
[2023-10-11T01:21:17.150+0200][gc,cpu      ] GC(0) User=0.01s Sys=0.01s Real=0.01s
[2023-10-11T07:53:09.363+0200][gc,start    ] GC(1) Pause Young (Normal) (G1 Evacuation Pause)
[2023-10-11T07:53:09.365+0200][gc,task     ] GC(1) Using 8 workers of 8 for evacuation
[2023-10-11T07:53:09.452+0200][gc,mmu      ] GC(1) MMU target violated: 21.0ms (20.0ms/21.0ms)
[2023-10-11T07:53:09.453+0200][gc,phases   ] GC(1)   Pre Evacuate Collection Set: 5.3ms
[2023-10-11T07:53:09.453+0200][gc,phases   ] GC(1)   Merge Heap Roots: 1.9ms
[2023-10-11T07:53:09.453+0200][gc,phases   ] GC(1)   Evacuate Collection Set: 75.7ms
[2023-10-11T07:53:09.453+0200][gc,phases   ] GC(1)   Post Evacuate Collection Set: 2.6ms
[2023-10-11T07:53:09.453+0200][gc,phases   ] GC(1)   Other: 5.9ms
[2023-10-11T07:53:09.453+0200][gc,heap     ] GC(1) Eden regions: 21->0(24)
[2023-10-11T07:53:09.453+0200][gc,heap     ] GC(1) Survivor regions: 4->1(4)
[2023-10-11T07:53:09.453+0200][gc,heap     ] GC(1) Old regions: 4->8
[2023-10-11T07:53:09.453+0200][gc,heap     ] GC(1) Archive regions: 2->2
[2023-10-11T07:53:09.453+0200][gc,heap     ] GC(1) Humongous regions: 0->0
[2023-10-11T07:53:09.454+0200][gc,metaspace] GC(1) Metaspace: 8449K(8640K)->8449K(8640K) NonClass: 7541K(7616K)->7541K(7616K) Class: 908K(1024K)->908K(1024K)
[2023-10-11T07:53:09.455+0200][gc          ] GC(1) Pause Young (Normal) (G1 Evacuation Pause) 29M->8M(512M) 92.197ms
[2023-10-11T07:53:09.455+0200][gc,cpu      ] GC(1) User=0.04s Sys=0.05s Real=0.09s
[2023-10-11T14:47:58.703+0200][gc,heap,exit] Heap
[2023-10-11T14:47:58.705+0200][gc,heap,exit]  garbage-first heap   total 524288K, used 27155K [0x00000007e0000000, 0x0000000800000000)
[2023-10-11T14:47:58.705+0200][gc,heap,exit]   region size 1024K, 20 young (20480K), 1 survivors (1024K)
[2023-10-11T14:47:58.705+0200][gc,heap,exit]  Metaspace       used 8454K, committed 8640K, reserved 1064960K
[2023-10-11T14:47:58.705+0200][gc,heap,exit]   class space    used 908K, committed 1024K, reserved 1048576K
